Archive member included to satisfy reference by file (symbol)

c:/progra~2/gnuarm~1/102021~1.10/bin/../lib/gcc/arm-none-eabi/10.3.1/thumb/v6-m/nofp\libgcc.a(_dvmd_tls.o)
                              CMakeFiles/HMI.dir/C_/pico/pico-sdk/src/rp2_common/pico_divider/divider.S.obj (__aeabi_idiv0)
c:/progra~2/gnuarm~1/102021~1.10/bin/../lib/gcc/arm-none-eabi/10.3.1/../../../../arm-none-eabi/lib/thumb/v6-m/nofp\libc.a(lib_a-calloc.o)
                              CMakeFiles/HMI.dir/C_/pico/pico-sdk/src/rp2_common/pico_malloc/pico_malloc.c.obj (calloc)
c:/progra~2/gnuarm~1/102021~1.10/bin/../lib/gcc/arm-none-eabi/10.3.1/../../../../arm-none-eabi/lib/thumb/v6-m/nofp\libc.a(lib_a-callocr.o)
                              c:/progra~2/gnuarm~1/102021~1.10/bin/../lib/gcc/arm-none-eabi/10.3.1/../../../../arm-none-eabi/lib/thumb/v6-m/nofp\libc.a(lib_a-calloc.o) (_calloc_r)
c:/progra~2/gnuarm~1/102021~1.10/bin/../lib/gcc/arm-none-eabi/10.3.1/../../../../arm-none-eabi/lib/thumb/v6-m/nofp\libc.a(lib_a-errno.o)
                              c:/progra~2/gnuarm~1/102021~1.10/bin/../lib/gcc/arm-none-eabi/10.3.1/../../../../arm-none-eabi/lib/thumb/v6-m/nofp\libc.a(lib_a-callocr.o) (__errno)
c:/progra~2/gnuarm~1/102021~1.10/bin/../lib/gcc/arm-none-eabi/10.3.1/../../../../arm-none-eabi/lib/thumb/v6-m/nofp\libc.a(lib_a-impure.o)
                              c:/progra~2/gnuarm~1/102021~1.10/bin/../lib/gcc/arm-none-eabi/10.3.1/../../../../arm-none-eabi/lib/thumb/v6-m/nofp\libc.a(lib_a-calloc.o) (_impure_ptr)
c:/progra~2/gnuarm~1/102021~1.10/bin/../lib/gcc/arm-none-eabi/10.3.1/../../../../arm-none-eabi/lib/thumb/v6-m/nofp\libc.a(lib_a-init.o)
                              c:/progra~2/gnuarm~1/102021~1.10/bin/../lib/gcc/arm-none-eabi/10.3.1/../../../../arm-none-eabi/lib/thumb/v6-m/nofp/crt0.o (__libc_init_array)
c:/progra~2/gnuarm~1/102021~1.10/bin/../lib/gcc/arm-none-eabi/10.3.1/../../../../arm-none-eabi/lib/thumb/v6-m/nofp\libc.a(lib_a-malloc.o)
                              CMakeFiles/HMI.dir/C_/pico/pico-sdk/src/rp2_common/pico_malloc/pico_malloc.c.obj (malloc)
c:/progra~2/gnuarm~1/102021~1.10/bin/../lib/gcc/arm-none-eabi/10.3.1/../../../../arm-none-eabi/lib/thumb/v6-m/nofp\libc.a(lib_a-mallocr.o)
                              c:/progra~2/gnuarm~1/102021~1.10/bin/../lib/gcc/arm-none-eabi/10.3.1/../../../../arm-none-eabi/lib/thumb/v6-m/nofp\libc.a(lib_a-callocr.o) (_malloc_r)
c:/progra~2/gnuarm~1/102021~1.10/bin/../lib/gcc/arm-none-eabi/10.3.1/../../../../arm-none-eabi/lib/thumb/v6-m/nofp\libc.a(lib_a-memmove.o)
                              CMakeFiles/HMI.dir/src/simulation.c.obj (memmove)
c:/progra~2/gnuarm~1/102021~1.10/bin/../lib/gcc/arm-none-eabi/10.3.1/../../../../arm-none-eabi/lib/thumb/v6-m/nofp\libc.a(lib_a-mlock.o)
                              c:/progra~2/gnuarm~1/102021~1.10/bin/../lib/gcc/arm-none-eabi/10.3.1/../../../../arm-none-eabi/lib/thumb/v6-m/nofp\libc.a(lib_a-mallocr.o) (__malloc_lock)
c:/progra~2/gnuarm~1/102021~1.10/bin/../lib/gcc/arm-none-eabi/10.3.1/../../../../arm-none-eabi/lib/thumb/v6-m/nofp\libc.a(lib_a-rand.o)
                              CMakeFiles/HMI.dir/src/main.c.obj (rand)
c:/progra~2/gnuarm~1/102021~1.10/bin/../lib/gcc/arm-none-eabi/10.3.1/../../../../arm-none-eabi/lib/thumb/v6-m/nofp\libc.a(lib_a-realloc.o)
                              CMakeFiles/HMI.dir/C_/pico/pico-sdk/src/rp2_common/pico_malloc/pico_malloc.c.obj (realloc)
c:/progra~2/gnuarm~1/102021~1.10/bin/../lib/gcc/arm-none-eabi/10.3.1/../../../../arm-none-eabi/lib/thumb/v6-m/nofp\libc.a(lib_a-reallocr.o)
                              c:/progra~2/gnuarm~1/102021~1.10/bin/../lib/gcc/arm-none-eabi/10.3.1/../../../../arm-none-eabi/lib/thumb/v6-m/nofp\libc.a(lib_a-realloc.o) (_realloc_r)
c:/progra~2/gnuarm~1/102021~1.10/bin/../lib/gcc/arm-none-eabi/10.3.1/../../../../arm-none-eabi/lib/thumb/v6-m/nofp\libc.a(lib_a-sbrkr.o)
                              c:/progra~2/gnuarm~1/102021~1.10/bin/../lib/gcc/arm-none-eabi/10.3.1/../../../../arm-none-eabi/lib/thumb/v6-m/nofp\libc.a(lib_a-mallocr.o) (_sbrk_r)
c:/progra~2/gnuarm~1/102021~1.10/bin/../lib/gcc/arm-none-eabi/10.3.1/../../../../arm-none-eabi/lib/thumb/v6-m/nofp\libc.a(lib_a-strlen-stub.o)
                              CMakeFiles/HMI.dir/src/screens/distance_screen.c.obj (strlen)
c:/progra~2/gnuarm~1/102021~1.10/bin/../lib/gcc/arm-none-eabi/10.3.1/../../../../arm-none-eabi/lib/thumb/v6-m/nofp\libc.a(lib_a-freer.o)
                              c:/progra~2/gnuarm~1/102021~1.10/bin/../lib/gcc/arm-none-eabi/10.3.1/../../../../arm-none-eabi/lib/thumb/v6-m/nofp\libc.a(lib_a-malloc.o) (_free_r)
c:/progra~2/gnuarm~1/102021~1.10/bin/../lib/gcc/arm-none-eabi/10.3.1/../../../../arm-none-eabi/lib/thumb/v6-m/nofp\libc.a(lib_a-lock.o)
                              c:/progra~2/gnuarm~1/102021~1.10/bin/../lib/gcc/arm-none-eabi/10.3.1/../../../../arm-none-eabi/lib/thumb/v6-m/nofp\libc.a(lib_a-mlock.o) (__retarget_lock_acquire_recursive)
[...]
Memory Configuration

Name             Origin             Length             Attributes
FLASH            0x10000000         0x00200000         xr
RAM              0x20000000         0x00040000         xrw
SCRATCH_X        0x20040000         0x00001000         xrw
SCRATCH_Y        0x20041000         0x00001000         xrw
*default*        0x00000000         0xffffffff

Linker script and memory map

LOAD c:/progra~2/gnuarm~1/102021~1.10/bin/../lib/gcc/arm-none-eabi/10.3.1/thumb/v6-m/nofp/crti.o
LOAD c:/progra~2/gnuarm~1/102021~1.10/bin/../lib/gcc/arm-none-eabi/10.3.1/thumb/v6-m/nofp/crtbegin.o
LOAD c:/progra~2/gnuarm~1/102021~1.10/bin/../lib/gcc/arm-none-eabi/10.3.1/../../../../arm-none-eabi/lib/thumb/v6-m/nofp/crt0.o

.flash_begin    0x10000000        0x0
                0x10000000                __flash_binary_start = .

.boot2          0x10000000      0x100
                0x10000000                __boot2_start__ = .
 *(.boot2)
 .boot2         0x10000000      0x100 C:\Users\Prajwal\AppData\Local\Temp\ccEcFhgd.o
                0x10000100                __boot2_end__ = .
                0x00000001                ASSERT (((__boot2_end__ - __boot2_start__) == 0x100), ERROR: Pico second stage bootloader must be 256 bytes in size)

.text           0x10000100     0xb160
                0x10000100                __logical_binary_start = .
 *(.vectors)
 .vectors       0x10000100       0xd4 CMakeFiles/HMI.dir/C_/pico/pico-sdk/src/rp2_common/pico_standard_link/crt0.S.obj
                0x10000100                __VECTOR_TABLE
                0x10000100                __vectors
                0x100001c0                isr_invalid
                0x100001c0                __default_isrs_start
                0x100001c2                isr_nmi
                0x100001c4                isr_hardfault
                0x100001c6                isr_svcall
                0x100001c8                isr_pendsv
                0x100001ca                isr_systick
                0x100001cc                isr_irq23
                0x100001cc                isr_irq18
                0x100001cc                isr_irq11
                0x100001cc                isr_irq28
                0x100001cc                isr_irq19
                0x100001cc                isr_irq0
                0x100001cc                isr_irq6
                0x100001cc                isr_irq5
                0x100001cc                isr_irq12
                0x100001cc                isr_irq22
                0x100001cc                isr_irq31
                0x100001cc                isr_irq17
                0x100001cc                isr_irq27
                0x100001cc                isr_irq30
                0x100001cc                isr_irq2
                0x100001cc                isr_irq10
                0x100001cc                isr_irq8
                0x100001cc                isr_irq24
                0x100001cc                isr_irq1
                0x100001cc                isr_irq7
                0x100001cc                isr_irq21
                0x100001cc                isr_irq20
                0x100001cc                isr_irq15
                0x100001cc                isr_irq25
                0x100001cc                isr_irq13
                0x100001cc                __unhandled_user_irq
                0x100001cc                isr_irq4
                0x100001cc                isr_irq16
                0x100001cc                isr_irq29
                0x100001cc                isr_irq26
                0x100001cc                __default_isrs_end
                0x100001cc                isr_irq3
                0x100001cc                isr_irq14
                0x100001cc                isr_irq9
                0x100001d2                unhandled_user_irq_num_in_r0
 *(.binary_info_header)
 .binary_info_header
                0x100001d4       0x14 CMakeFiles/HMI.dir/C_/pico/pico-sdk/src/rp2_common/pico_standard_link/crt0.S.obj
                0x100001e8                __binary_info_header_end = .
 *(.reset)
 .reset         0x100001e8       0xa8 CMakeFiles/HMI.dir/C_/pico/pico-sdk/src/rp2_common/pico_standard_link/crt0.S.obj
                0x100001e8                _entry_point
                0x10000266                __get_current_exception
 .reset         0x10000290       0x30 CMakeFiles/HMI.dir/C_/pico/pico-sdk/src/rp2_common/pico_standard_link/binary_info.c.obj
 *(.init)
 .init          0x100002c0        0x4 c:/progra~2/gnuarm~1/102021~1.10/bin/../lib/gcc/arm-none-eabi/10.3.1/thumb/v6-m/nofp/crti.o
                0x100002c0                _init
 *(EXCLUDE_FILE(*libm.a: *libc.a:*lib_a-mem*.o *libgcc.a:) .text*)
 .text          0x100002c4       0x48 c:/progra~2/gnuarm~1/102021~1.10/bin/../lib/gcc/arm-none-eabi/10.3.1/thumb/v6-m/nofp/crtbegin.o
 .text.startup.main
                0x1000030c       0x18 CMakeFiles/HMI.dir/hmi.c.obj
                0x1000030c                main
 .text.ili9341_init_display
                0x10000324     0x14bc CMakeFiles/HMI.dir/src/ili9341.c.obj
                0x10000324                ili9341_init_display
 .text.ili9341_init_SPI
                0x100017e0       0x5c CMakeFiles/HMI.dir/src/ili9341.c.obj
                0x100017e0                ili9341_init_SPI
 .text.ili9341_init_drawing
                0x1000183c      0x208 CMakeFiles/HMI.dir/src/ili9341.c.obj
                0x1000183c                ili9341_init_drawing
 .text.ili9341_write_buffer
                0x10001a44       0x14 CMakeFiles/HMI.dir/src/ili9341.c.obj
                0x10001a44                ili9341_write_buffer
 .text.GPU_Init
                0x10001a58       0x14 CMakeFiles/HMI.dir/src/ui.c.obj
                0x10001a58                GPU_Init
 .text.GPU_ClearFramebuffers
                0x10001a6c       0x14 CMakeFiles/HMI.dir/src/ui.c.obj
                0x10001a6c                GPU_ClearFramebuffers
 .text.GPU_Render
                0x10001a80      0xa78 CMakeFiles/HMI.dir/src/ui.c.obj
                0x10001a80                GPU_Render
 .text.GPU_DrawLine
                0x100024f8      0x12c CMakeFiles/HMI.dir/src/ui.c.obj
                0x100024f8                GPU_DrawLine
 .text.GPU_DrawText
                0x10002624       0xfc CMakeFiles/HMI.dir/src/ui.c.obj
                0x10002624                GPU_DrawText
 .text.GPU_DrawFilledRectangle
                0x10002720       0x80 CMakeFiles/HMI.dir/src/ui.c.obj
                0x10002720                GPU_DrawFilledRectangle
 .text.DrawVerticalRectangle
                0x100027a0       0x84 CMakeFiles/HMI.dir/src/ui.c.obj
                0x100027a0                DrawVerticalRectangle
 .text.DrawFilledTriangle
                0x10002824      0x214 CMakeFiles/HMI.dir/src/ui.c.obj
                0x10002824                DrawFilledTriangle
 .text.LeftHalfFilledCircle
                0x10002a38      0x124 CMakeFiles/HMI.dir/src/ui.c.obj
                0x10002a38                LeftHalfFilledCircle
 .text.GPU_DrawFilledCircle
                0x10002b5c      0x14c CMakeFiles/HMI.dir/src/ui.c.obj
                0x10002b5c                GPU_DrawFilledCircle
 .text.DrawSmoothBar
                0x10002ca8       0xd4 CMakeFiles/HMI.dir/src/ui.c.obj
                0x10002ca8                DrawSmoothBar
 .text.display_png
                0x10002d7c       0x44 CMakeFiles/HMI.dir/src/ui.c.obj
                0x10002d7c                display_png
 .text.cross_sign
                0x10002dc0       0x3c CMakeFiles/HMI.dir/src/ui.c.obj
                0x10002dc0                cross_sign
 .text.Interrup_callback
                0x10002dfc      0x10c CMakeFiles/HMI.dir/src/interface.c.obj
                0x10002dfc                Interrup_callback
 .text.InterfaceSetup
                0x10002f08       0x58 CMakeFiles/HMI.dir/src/interface.c.obj
                0x10002f08                InterfaceSetup
 .text.IF_GetCurrentTime
                0x10002f60        0x8 CMakeFiles/HMI.dir/src/interface.c.obj
                0x10002f60                IF_GetCurrentTime
 .text.IF_DrawScreen
                0x10002f68        0x8 CMakeFiles/HMI.dir/src/interface.c.obj
                0x10002f68                IF_DrawScreen
 .text.Keyboard
                0x10002f70       0x50 CMakeFiles/HMI.dir/src/interface.c.obj
                0x10002f70                Keyboard
 .text.DoMainLoop
                0x10002fc0      0x144 CMakeFiles/HMI.dir/src/main.c.obj
                0x10002fc0                DoMainLoop
 .text.value_box
                0x10003104       0x3c CMakeFiles/HMI.dir/src/screens/distance_screen.c.obj
                0x10003104                value_box
 .text.bottomNavigation
                0x10003140       0x94 CMakeFiles/HMI.dir/src/screens/distance_screen.c.obj
                0x10003140                bottomNavigation
 .text.distance_screen_init
                0x100031d4       0x90 CMakeFiles/HMI.dir/src/screens/distance_screen.c.obj
                0x100031d4                distance_screen_init
 .text.simulator_screen_init
                0x10003264      0x1a8 CMakeFiles/HMI.dir/src/screens/simulator_screen.c.obj
                0x10003264                simulator_screen_init
 .text.temp_sensor_init
                0x1000340c       0x3c CMakeFiles/HMI.dir/src/temp.c.obj
                0x1000340c                temp_sensor_init
 .text.update_temperature
                0x10003448       0xf0 CMakeFiles/HMI.dir/src/temp.c.obj
                0x10003448                update_temperature
 .text.distance_sensor_init
                0x10003538       0x20 CMakeFiles/HMI.dir/src/distance.c.obj
                0x10003538                distance_sensor_init
 .text.calc_distance
                0x10003558       0xb4 CMakeFiles/HMI.dir/src/distance.c.obj
                0x10003558                calc_distance
 .text.update_distance
                0x1000360c       0xfc CMakeFiles/HMI.dir/src/distance.c.obj
                0x1000360c                update_distance
 .text.simulation_init
                0x10003708       0x14 CMakeFiles/HMI.dir/src/simulation.c.obj
                0x10003708                simulation_init
 .text.simulate
                0x1000371c       0x24 CMakeFiles/HMI.dir/src/simulation.c.obj
                0x1000371c                simulate
 .text.display_simulation
                0x10003740       0x10 CMakeFiles/HMI.dir/src/simulation.c.obj
                0x10003740                display_simulation
 .text.bar_init
                0x10003750       0x40 CMakeFiles/HMI.dir/src/brightness.c.obj
                0x10003750                bar_init
 .text.brightness_screen_init
                0x10003790       0x6c CMakeFiles/HMI.dir/src/brightness.c.obj
                0x10003790                brightness_screen_init
 .text.increase_brightness
                0x100037fc       0xe0 CMakeFiles/HMI.dir/src/brightness.c.obj
                0x100037fc                increase_brightness
 .text.decrease_brightness
                0x100038dc       0xd8 CMakeFiles/HMI.dir/src/brightness.c.obj
                0x100038dc                decrease_brightness
 .text.update_brightness
                0x100039b4      0x124 CMakeFiles/HMI.dir/src/brightness.c.obj
                0x100039b4                update_brightness
 .text.clearPopup
                0x10003ad8       0x24 CMakeFiles/HMI.dir/src/screens/popup.c.obj
                0x10003ad8                clearPopup
 .text.pg1      0x10003afc       0xbc CMakeFiles/HMI.dir/src/screens/popup.c.obj
                0x10003afc                pg1
 .text.pg2      0x10003bb8       0xf0 CMakeFiles/HMI.dir/src/screens/popup.c.obj
                0x10003bb8                pg2
 .text.open_popup
                0x10003ca8       0xbc CMakeFiles/HMI.dir/src/screens/popup.c.obj
                0x10003ca8                open_popup
 .text.close_popup
                0x10003d64        0x8 CMakeFiles/HMI.dir/src/screens/popup.c.obj
                0x10003d64                close_popup
 .text.gpio_default_irq_handler
                0x10003d6c      0x248 CMakeFiles/HMI.dir/C_/pico/pico-sdk/src/rp2_common/hardware_gpio/gpio.c.obj
 .text.gpio_set_function
                0x10003fb4       0x30 CMakeFiles/HMI.dir/C_/pico/pico-sdk/src/rp2_common/hardware_gpio/gpio.c.obj
                0x10003fb4                gpio_set_function
 .text.gpio_set_pulls
                0x10003fe4       0x30 CMakeFiles/HMI.dir/C_/pico/pico-sdk/src/rp2_common/hardware_gpio/gpio.c.obj
                0x10003fe4                gpio_set_pulls
 .text.gpio_set_irq_enabled
                0x10004014       0x54 CMakeFiles/HMI.dir/C_/pico/pico-sdk/src/rp2_common/hardware_gpio/gpio.c.obj
                0x10004014                gpio_set_irq_enabled
 .text.gpio_set_irq_enabled_with_callback
                0x10004068       0xb0 CMakeFiles/HMI.dir/C_/pico/pico-sdk/src/rp2_common/hardware_gpio/gpio.c.obj
                0x10004068                gpio_set_irq_enabled_with_callback
 .text.gpio_set_input_enabled
                0x10004118       0x28 CMakeFiles/HMI.dir/C_/pico/pico-sdk/src/rp2_common/hardware_gpio/gpio.c.obj
                0x10004118                gpio_set_input_enabled
 .text.gpio_init
                0x10004140       0x3c CMakeFiles/HMI.dir/C_/pico/pico-sdk/src/rp2_common/hardware_gpio/gpio.c.obj
                0x10004140                gpio_init
 .text.hw_claim_or_assert
                0x1000417c       0x44 CMakeFiles/HMI.dir/C_/pico/pico-sdk/src/rp2_common/hardware_claim/claim.c.obj
                0x1000417c                hw_claim_or_assert
 .text.hw_claim_unused_from_range
                0x100041c0       0x9c CMakeFiles/HMI.dir/C_/pico/pico-sdk/src/rp2_common/hardware_claim/claim.c.obj
                0x100041c0                hw_claim_unused_from_range
 .text.running_on_fpga
                0x1000425c       0x10 CMakeFiles/HMI.dir/C_/pico/pico-sdk/src/rp2_common/pico_platform/platform.c.obj
                0x1000425c                running_on_fpga
 .text.spin_locks_reset
                0x1000426c       0x1c CMakeFiles/HMI.dir/C_/pico/pico-sdk/src/rp2_common/hardware_sync/sync.c.obj
                0x1000426c                spin_locks_reset
 .text.next_striped_spin_lock_num
                0x10004288       0x18 CMakeFiles/HMI.dir/C_/pico/pico-sdk/src/rp2_common/hardware_sync/sync.c.obj
                0x10004288                next_striped_spin_lock_num
 .text.spin_lock_claim_unused
                0x100042a0       0x20 CMakeFiles/HMI.dir/C_/pico/pico-sdk/src/rp2_common/hardware_sync/sync.c.obj
                0x100042a0                spin_lock_claim_unused
 .text.irq_set_enabled
                0x100042c0       0x24 CMakeFiles/HMI.dir/C_/pico/pico-sdk/src/rp2_common/hardware_irq/irq.c.obj
                0x100042c0                irq_set_enabled
 .text.irq_set_pending
                0x100042e4       0x10 CMakeFiles/HMI.dir/C_/pico/pico-sdk/src/rp2_common/hardware_irq/irq.c.obj
                0x100042e4                irq_set_pending
 .text.irq_has_shared_handler
                0x100042f4       0x2c CMakeFiles/HMI.dir/C_/pico/pico-sdk/src/rp2_common/hardware_irq/irq.c.obj
                0x100042f4                irq_has_shared_handler
 .text.irq_get_vtable_handler
                0x10004320       0x10 CMakeFiles/HMI.dir/C_/pico/pico-sdk/src/rp2_common/hardware_irq/irq.c.obj
                0x10004320                irq_get_vtable_handler
 .text.irq_set_exclusive_handler
                0x10004330       0x54 CMakeFiles/HMI.dir/C_/pico/pico-sdk/src/rp2_common/hardware_irq/irq.c.obj
                0x10004330                irq_set_exclusive_handler
 .text.irq_add_shared_handler
                0x10004384      0x1e4 CMakeFiles/HMI.dir/C_/pico/pico-sdk/src/rp2_common/hardware_irq/irq.c.obj
                0x10004384                irq_add_shared_handler
 .text.irq_remove_handler
                0x10004568      0x1b4 CMakeFiles/HMI.dir/C_/pico/pico-sdk/src/rp2_common/hardware_irq/irq.c.obj
                0x10004568                irq_remove_handler
 .text.irq_add_tail_to_free_list
                0x1000471c       0xb4 CMakeFiles/HMI.dir/C_/pico/pico-sdk/src/rp2_common/hardware_irq/irq.c.obj
                0x1000471c                irq_add_tail_to_free_list
 .text.irq_init_priorities
                0x100047d0       0x24 CMakeFiles/HMI.dir/C_/pico/pico-sdk/src/rp2_common/hardware_irq/irq.c.obj
                0x100047d0                irq_init_priorities
 .text.user_irq_claim_unused
                0x100047f4       0x30 CMakeFiles/HMI.dir/C_/pico/pico-sdk/src/rp2_common/hardware_irq/irq.c.obj
                0x100047f4                user_irq_claim_unused
 .text.lock_init
                0x10004824       0x10 CMakeFiles/HMI.dir/C_/pico/pico-sdk/src/common/pico_sync/lock_core.c.obj
                0x10004824                lock_init
 .text.timer_pool_entry_comparator
                0x10004834       0x34 CMakeFiles/HMI.dir/C_/pico/pico-sdk/src/common/pico_time/time.c.obj
                0x10004834                timer_pool_entry_comparator
 .text.sleep_until_callback
                0x10004868       0x30 CMakeFiles/HMI.dir/C_/pico/pico-sdk/src/common/pico_time/time.c.obj
 .text.add_alarm_under_lock.isra.0
                0x10004898      0x100 CMakeFiles/HMI.dir/C_/pico/pico-sdk/src/common/pico_time/time.c.obj
 .text.alarm_pool_alarm_callback
                0x10004998      0x1c8 CMakeFiles/HMI.dir/C_/pico/pico-sdk/src/common/pico_time/time.c.obj
 .text.alarm_pool_add_alarm_at.constprop.0
                0x10004b60      0x11c CMakeFiles/HMI.dir/C_/pico/pico-sdk/src/common/pico_time/time.c.obj
 .text.alarm_pool_init_default
                0x10004c7c       0x64 CMakeFiles/HMI.dir/C_/pico/pico-sdk/src/common/pico_time/time.c.obj
                0x10004c7c                alarm_pool_init_default
 .text.alarm_pool_get_default
                0x10004ce0        0x8 CMakeFiles/HMI.dir/C_/pico/pico-sdk/src/common/pico_time/time.c.obj
                0x10004ce0                alarm_pool_get_default
 .text.alarm_pool_add_alarm_at
                0x10004ce8      0x194 CMakeFiles/HMI.dir/C_/pico/pico-sdk/src/common/pico_time/time.c.obj
                0x10004ce8                alarm_pool_add_alarm_at
 .text.sleep_until
                0x10004e7c       0xac CMakeFiles/HMI.dir/C_/pico/pico-sdk/src/common/pico_time/time.c.obj
                0x10004e7c                sleep_until
 .text.sleep_us
                0x10004f28       0x30 CMakeFiles/HMI.dir/C_/pico/pico-sdk/src/common/pico_time/time.c.obj
                0x10004f28                sleep_us
 .text.sleep_ms
                0x10004f58       0x38 CMakeFiles/HMI.dir/C_/pico/pico-sdk/src/common/pico_time/time.c.obj
                0x10004f58                sleep_ms
 .text.best_effort_wfe_or_timeout
                0x10004f90       0xd4 CMakeFiles/HMI.dir/C_/pico/pico-sdk/src/common/pico_time/time.c.obj
                0x10004f90                best_effort_wfe_or_timeout
 .text.hardware_alarm_irq_handler
                0x10005064       0xb8 CMakeFiles/HMI.dir/C_/pico/pico-sdk/src/rp2_common/hardware_timer/timer.c.obj
 .text.hardware_alarm_claim
                0x1000511c       0x18 CMakeFiles/HMI.dir/C_/pico/pico-sdk/src/rp2_common/hardware_timer/timer.c.obj
                0x1000511c                hardware_alarm_claim
 .text.time_us_64
                0x10005134       0x14 CMakeFiles/HMI.dir/C_/pico/pico-sdk/src/rp2_common/hardware_timer/timer.c.obj
                0x10005134                time_us_64
 .text.busy_wait_us
                0x10005148       0x54 CMakeFiles/HMI.dir/C_/pico/pico-sdk/src/rp2_common/hardware_timer/timer.c.obj
                0x10005148                busy_wait_us
 .text.busy_wait_ms
                0x1000519c       0x88 CMakeFiles/HMI.dir/C_/pico/pico-sdk/src/rp2_common/hardware_timer/timer.c.obj
                0x1000519c                busy_wait_ms
 .text.busy_wait_until
                0x10005224       0x20 CMakeFiles/HMI.dir/C_/pico/pico-sdk/src/rp2_common/hardware_timer/timer.c.obj
                0x10005224                busy_wait_until
 .text.hardware_alarm_set_callback
                0x10005244       0x8c CMakeFiles/HMI.dir/C_/pico/pico-sdk/src/rp2_common/hardware_timer/timer.c.obj
                0x10005244                hardware_alarm_set_callback
 .text.hardware_alarm_set_target
                0x100052d0       0xe0 CMakeFiles/HMI.dir/C_/pico/pico-sdk/src/rp2_common/hardware_timer/timer.c.obj
                0x100052d0                hardware_alarm_set_target
 .text.hardware_alarm_cancel
                0x100053b0       0x3c CMakeFiles/HMI.dir/C_/pico/pico-sdk/src/rp2_common/hardware_timer/timer.c.obj
                0x100053b0                hardware_alarm_cancel
 .text.ph_merge_nodes
                0x100053ec       0x68 CMakeFiles/HMI.dir/C_/pico/pico-sdk/src/common/pico_util/pheap.c.obj
 .text.ph_post_alloc_init
                0x10005454       0x3c CMakeFiles/HMI.dir/C_/pico/pico-sdk/src/common/pico_util/pheap.c.obj
                0x10005454                ph_post_alloc_init
 .text.ph_merge_two_pass
                0x10005490       0x90 CMakeFiles/HMI.dir/C_/pico/pico-sdk/src/common/pico_util/pheap.c.obj
                0x10005490                ph_merge_two_pass
 .text.ph_remove_any_head
                0x10005520       0xf8 CMakeFiles/HMI.dir/C_/pico/pico-sdk/src/common/pico_util/pheap.c.obj
 .text.ph_remove_head
                0x10005618       0xfc CMakeFiles/HMI.dir/C_/pico/pico-sdk/src/common/pico_util/pheap.c.obj
                0x10005618                ph_remove_head
 .text.ph_remove_and_free_node
                0x10005714       0x7c CMakeFiles/HMI.dir/C_/pico/pico-sdk/src/common/pico_util/pheap.c.obj
                0x10005714                ph_remove_and_free_node
 .text.mutex_init
                0x10005790       0x1c CMakeFiles/HMI.dir/C_/pico/pico-sdk/src/common/pico_sync/mutex.c.obj
                0x10005790                mutex_init
 .text.recursive_mutex_init
                0x100057ac       0x1c CMakeFiles/HMI.dir/C_/pico/pico-sdk/src/common/pico_sync/mutex.c.obj
                0x100057ac                recursive_mutex_init
 .text.critical_section_init
                0x100057c8       0x20 CMakeFiles/HMI.dir/C_/pico/pico-sdk/src/common/pico_sync/critical_section.c.obj
                0x100057c8                critical_section_init
 .text.runtime_init
                0x100057e8       0xf0 CMakeFiles/HMI.dir/C_/pico/pico-sdk/src/rp2_common/pico_runtime/runtime.c.obj
                0x100057e8                runtime_init
 .text.exit     0x100058d8        0x4 CMakeFiles/HMI.dir/C_/pico/pico-sdk/src/rp2_common/pico_runtime/runtime.c.obj
                0x100058d8                exit
 .text.panic    0x100058dc       0x30 CMakeFiles/HMI.dir/C_/pico/pico-sdk/src/rp2_common/pico_runtime/runtime.c.obj
                0x100058dc                panic
 .text.hard_assertion_failure
                0x1000590c        0xc CMakeFiles/HMI.dir/C_/pico/pico-sdk/src/rp2_common/pico_runtime/runtime.c.obj
                0x1000590c                hard_assertion_failure
 .text.clocks_init
                0x10005918      0x2bc CMakeFiles/HMI.dir/C_/pico/pico-sdk/src/rp2_common/hardware_clocks/clocks.c.obj
                0x10005918                clocks_init
 .text.clock_get_hz
                0x10005bd4        0xc CMakeFiles/HMI.dir/C_/pico/pico-sdk/src/rp2_common/hardware_clocks/clocks.c.obj
                0x10005bd4                clock_get_hz
 .text.pll_init
                0x10005be0       0xb0 CMakeFiles/HMI.dir/C_/pico/pico-sdk/src/rp2_common/hardware_pll/pll.c.obj
                0x10005be0                pll_init
 .text.watchdog_start_tick
                0x10005c90       0x10 CMakeFiles/HMI.dir/C_/pico/pico-sdk/src/rp2_common/hardware_watchdog/watchdog.c.obj
                0x10005c90                watchdog_start_tick
 .text.watchdog_reboot
                0x10005ca0       0x98 CMakeFiles/HMI.dir/C_/pico/pico-sdk/src/rp2_common/hardware_watchdog/watchdog.c.obj
                0x10005ca0                watchdog_reboot
 .text.xosc_init
                0x10005d38       0x28 CMakeFiles/HMI.dir/C_/pico/pico-sdk/src/rp2_common/hardware_xosc/xosc.c.obj
                0x10005d38                xosc_init
 .text._out_buffer
                0x10005d60        0x8 CMakeFiles/HMI.dir/C_/pico/pico-sdk/src/rp2_common/pico_printf/printf.c.obj
 .text._out_null
                0x10005d68        0x4 CMakeFiles/HMI.dir/C_/pico/pico-sdk/src/rp2_common/pico_printf/printf.c.obj
 .text._out_rev
                0x10005d6c       0x9c CMakeFiles/HMI.dir/C_/pico/pico-sdk/src/rp2_common/pico_printf/printf.c.obj
 .text._ntoa_format
                0x10005e08      0x1cc CMakeFiles/HMI.dir/C_/pico/pico-sdk/src/rp2_common/pico_printf/printf.c.obj
 .text._out_char
                0x10005fd4       0x10 CMakeFiles/HMI.dir/C_/pico/pico-sdk/src/rp2_common/pico_printf/printf.c.obj
 .text._etoa    0x10005fe4      0x44c CMakeFiles/HMI.dir/C_/pico/pico-sdk/src/rp2_common/pico_printf/printf.c.obj
 .text._ftoa    0x10006430      0x398 CMakeFiles/HMI.dir/C_/pico/pico-sdk/src/rp2_common/pico_printf/printf.c.obj
 .text._vsnprintf
                0x100067c8      0xb04 CMakeFiles/HMI.dir/C_/pico/pico-sdk/src/rp2_common/pico_printf/printf.c.obj
 .text.__wrap_sprintf
                0x100072cc       0x28 CMakeFiles/HMI.dir/C_/pico/pico-sdk/src/rp2_common/pico_printf/printf.c.obj
                0x100072cc                __wrap_sprintf
 .text.__wrap_snprintf
                0x100072f4       0x28 CMakeFiles/HMI.dir/C_/pico/pico-sdk/src/rp2_common/pico_printf/printf.c.obj
                0x100072f4                __wrap_snprintf
 .text.weak_raw_vprintf
                0x1000731c       0x30 CMakeFiles/HMI.dir/C_/pico/pico-sdk/src/rp2_common/pico_printf/printf.c.obj
                0x1000731c                weak_raw_vprintf
 .text          0x1000734c       0x10 CMakeFiles/HMI.dir/C_/pico/pico-sdk/src/rp2_common/pico_bit_ops/bit_ops_aeabi.S.obj
 .text.rom_func_lookup
                0x1000735c       0x10 CMakeFiles/HMI.dir/C_/pico/pico-sdk/src/rp2_common/pico_bootrom/bootrom.c.obj
                0x1000735c                rom_func_lookup
 .text.rom_data_lookup
                0x1000736c       0x10 CMakeFiles/HMI.dir/C_/pico/pico-sdk/src/rp2_common/pico_bootrom/bootrom.c.obj
                0x1000736c                rom_data_lookup
 .text.rom_funcs_lookup
                0x1000737c       0x44 CMakeFiles/HMI.dir/C_/pico/pico-sdk/src/rp2_common/pico_bootrom/bootrom.c.obj
                0x1000737c                rom_funcs_lookup
 .text.__wrap___aeabi_idiv
                0x100073c0       0x50 CMakeFiles/HMI.dir/C_/pico/pico-sdk/src/rp2_common/pico_divider/divider.S.obj
                0x100073c0                __wrap___aeabi_idivmod
                0x100073c0                divmod_s32s32
                0x100073c0                div_s32s32
                0x100073c0                __wrap___aeabi_idiv
                0x100073c8                divmod_s32s32_unsafe
                0x100073f4                divmod_s32s32_savestate
 .text.__wrap___aeabi_uidiv
                0x10007410       0x4c CMakeFiles/HMI.dir/C_/pico/pico-sdk/src/rp2_common/pico_divider/divider.S.obj
                0x10007410                __wrap___aeabi_uidiv
                0x10007410                __wrap___aeabi_uidivmod
                0x10007410                div_u32u32
                0x10007410                divmod_u32u32
                0x10007418                divmod_u32u32_unsafe
                0x10007440                divmod_u32u32_savestate
 .text.__wrap___aeabi_ldiv
                0x1000745c      0x434 CMakeFiles/HMI.dir/C_/pico/pico-sdk/src/rp2_common/pico_divider/divider.S.obj
                0x1000745c                div_s64s64
                0x1000745c                divmod_s64s64
                0x1000745c                __wrap___aeabi_ldivmod
                0x10007494                divmod_u64u64
                0x10007494                div_u64u64
                0x10007494                __wrap___aeabi_uldivmod
                0x100074a4                divmod_u64u64_savestate
                0x100074cc                divmod_s64s64_unsafe
                0x10007554                divmod_u64u64_unsafe
 .text.__wrap___aeabi_darithmetic
                0x10007890       0x80 CMakeFiles/HMI.dir/C_/pico/pico-sdk/src/rp2_common/pico_double/double_aeabi.S.obj
                0x10007890                __wrap___aeabi_drsub
                0x10007896                __wrap___aeabi_dsub
                0x100078a8                __wrap___aeabi_dadd
                0x100078ba                __wrap___aeabi_ddiv
                0x100078f6                __wrap___aeabi_dmul
 .text.__wrap___aeabi_cdcmple
                0x10007910       0x6c CMakeFiles/HMI.dir/C_/pico/pico-sdk/src/rp2_common/pico_double/double_aeabi.S.obj
                0x10007910                __wrap___aeabi_cdrcmple
                0x10007920                __wrap___aeabi_cdcmpeq
                0x10007920                __wrap___aeabi_cdcmple
 .text.__wrap___aeabi_dcmplt
                0x1000797c        0xc CMakeFiles/HMI.dir/C_/pico/pico-sdk/src/rp2_common/pico_double/double_aeabi.S.obj
                0x1000797c                __wrap___aeabi_dcmplt
 .text.__wrap___aeabi_dcmple
                0x10007988       0x10 CMakeFiles/HMI.dir/C_/pico/pico-sdk/src/rp2_common/pico_double/double_aeabi.S.obj
                0x10007988                __wrap___aeabi_dcmple
 .text.__wrap___aeabi_dcmpge
                0x10007998       0x10 CMakeFiles/HMI.dir/C_/pico/pico-sdk/src/rp2_common/pico_double/double_aeabi.S.obj
                0x10007998                __wrap___aeabi_dcmpge
 .text.__wrap___aeabi_dcmpgt
                0x100079a8        0xa CMakeFiles/HMI.dir/C_/pico/pico-sdk/src/rp2_common/pico_double/double_aeabi.S.obj
                0x100079a8                __wrap___aeabi_dcmpgt
 .text.__wrap___aeabi_dcmpun
                0x100079b2       0x1c CMakeFiles/HMI.dir/C_/pico/pico-sdk/src/rp2_common/pico_double/double_aeabi.S.obj
                0x100079b2                __wrap___aeabi_dcmpun
 *fill*         0x100079ce        0x2 
 .text.__wrap___aeabi_i2d
                0x100079d0       0x38 CMakeFiles/HMI.dir/C_/pico/pico-sdk/src/rp2_common/pico_double/double_aeabi.S.obj
                0x100079d0                __wrap___aeabi_ui2d
                0x100079d8                __wrap___aeabi_i2d
 .text.__wrap___aeabi_d2iz
                0x10007a08       0x48 CMakeFiles/HMI.dir/C_/pico/pico-sdk/src/rp2_common/pico_double/double_aeabi.S.obj
                0x10007a08                double2int_z
                0x10007a08                __wrap___aeabi_d2iz
 .text.__wrap___aeabi_d2uiz
                0x10007a50       0x18 CMakeFiles/HMI.dir/C_/pico/pico-sdk/src/rp2_common/pico_double/double_aeabi.S.obj
                0x10007a50                __wrap___aeabi_d2uiz
                0x10007a50                double2uint
 .text.__wrap___aeabi_d2f
                0x10007a68       0x18 CMakeFiles/HMI.dir/C_/pico/pico-sdk/src/rp2_common/pico_double/double_aeabi.S.obj
                0x10007a68                __wrap___aeabi_d2f
 .text.__aeabi_double_init
                0x10007a80       0x94 CMakeFiles/HMI.dir/C_/pico/pico-sdk/src/rp2_common/pico_double/double_init_rom.c.obj
                0x10007a80                __aeabi_double_init
 .text.double_table_shim_on_use_helper
                0x10007b14       0x2c CMakeFiles/HMI.dir/C_/pico/pico-sdk/src/rp2_common/pico_double/double_v1_rom_shim.S.obj
                0x10007b14                double_table_shim_on_use_helper
 .text.__wrap___aeabi_dsub
                0x10007b40       0x10 CMakeFiles/HMI.dir/C_/pico/pico-sdk/src/rp2_common/pico_double/double_v1_rom_shim.S.obj
                0x10007b40                drsub_shim
                0x10007b46                dsub_shim
 .text.dadd_shim
                0x10007b50      0x15c CMakeFiles/HMI.dir/C_/pico/pico-sdk/src/rp2_common/pico_double/double_v1_rom_shim.S.obj
                0x10007b50                dadd_shim
 .text.dmul_shim
                0x10007cac      0x15c CMakeFiles/HMI.dir/C_/pico/pico-sdk/src/rp2_common/pico_double/double_v1_rom_shim.S.obj
                0x10007cac                dmul_shim
 .text.ddiv_shim
                0x10007e08      0x1b0 CMakeFiles/HMI.dir/C_/pico/pico-sdk/src/rp2_common/pico_double/double_v1_rom_shim.S.obj
                0x10007e08                ddiv_shim
 .text.double2uint_shim
                0x10007fb8        0xe CMakeFiles/HMI.dir/C_/pico/pico-sdk/src/rp2_common/pico_double/double_v1_rom_shim.S.obj
                0x10007fb8                double2uint_shim
                0x10007fba                double2ufix_shim
 *fill*         0x10007fc6        0x2 
 .text.double2uint64_shim
                0x10007fc8       0x70 CMakeFiles/HMI.dir/C_/pico/pico-sdk/src/rp2_common/pico_double/double_v1_rom_shim.S.obj
                0x10007fc8                double2uint64_shim
                0x10007fca                double2ufix64_shim
                0x10007fea                d2fix_a
 .text.double2float_shim
                0x10008038       0x5c CMakeFiles/HMI.dir/C_/pico/pico-sdk/src/rp2_common/pico_double/double_v1_rom_shim.S.obj
                0x10008038                double2float_shim
 .text.dunpacks
                0x10008094       0x3c CMakeFiles/HMI.dir/C_/pico/pico-sdk/src/rp2_common/pico_double/double_v1_rom_shim.S.obj
                0x10008094                dunpacks
 .text.__aeabi_lmul
                0x100080d0       0x32 CMakeFiles/HMI.dir/C_/pico/pico-sdk/src/rp2_common/pico_int64_ops/pico_int64_ops_aeabi.S.obj
                0x100080d0                __wrap___aeabi_lmul
 *fill*         0x10008102        0x2 
 .text.__wrap___aeabi_farithmetic
                0x10008104       0x48 CMakeFiles/HMI.dir/C_/pico/pico-sdk/src/rp2_common/pico_float/float_aeabi.S.obj
                0x10008104                __wrap___aeabi_frsub
                0x1000810a                __wrap___aeabi_fsub
                0x10008110                __wrap___aeabi_fadd
                0x10008116                __wrap___aeabi_fdiv
                0x1000813e                __wrap___aeabi_fmul
 .text.__wrap___aeabi_cfcmple
                0x1000814c       0x50 CMakeFiles/HMI.dir/C_/pico/pico-sdk/src/rp2_common/pico_float/float_aeabi.S.obj
                0x1000814c                __wrap___aeabi_cfrcmple
                0x10008158                __wrap___aeabi_cfcmple
                0x10008158                __wrap___aeabi_cfcmpeq
 .text.__wrap___aeabi_fcmple
                0x1000819c       0x10 CMakeFiles/HMI.dir/C_/pico/pico-sdk/src/rp2_common/pico_float/float_aeabi.S.obj
                0x1000819c                __wrap___aeabi_fcmple
 .text.__wrap___aeabi_fcmpge
                0x100081ac       0x10 CMakeFiles/HMI.dir/C_/pico/pico-sdk/src/rp2_common/pico_float/float_aeabi.S.obj
                0x100081ac                __wrap___aeabi_fcmpge
 .text.__wrap___aeabi_fcmpgt
                0x100081bc        0xa CMakeFiles/HMI.dir/C_/pico/pico-sdk/src/rp2_common/pico_float/float_aeabi.S.obj
                0x100081bc                __wrap___aeabi_fcmpgt
 .text.__wrap___aeabi_ui2f
                0x100081c6        0xa CMakeFiles/HMI.dir/C_/pico/pico-sdk/src/rp2_common/pico_float/float_aeabi.S.obj
                0x100081c6                __wrap___aeabi_ui2f
 .text.__wrap___aeabi_i2f
                0x100081d0       0x44 CMakeFiles/HMI.dir/C_/pico/pico-sdk/src/rp2_common/pico_float/float_aeabi.S.obj
                0x100081d0                __wrap___aeabi_i2f
 .text.__wrap___aeabi_f2iz
                0x10008214       0x4e CMakeFiles/HMI.dir/C_/pico/pico-sdk/src/rp2_common/pico_float/float_aeabi.S.obj
                0x10008214                float2int_z
                0x10008214                __wrap___aeabi_f2iz
 *fill*         0x10008262        0x2 
 .text.float2int
                0x10008264       0x14 CMakeFiles/HMI.dir/C_/pico/pico-sdk/src/rp2_common/pico_float/float_aeabi.S.obj
                0x10008264                float2int
 .text.__wrap___aeabi_f2uiz
                0x10008278        0xc CMakeFiles/HMI.dir/C_/pico/pico-sdk/src/rp2_common/pico_float/float_aeabi.S.obj
                0x10008278                __wrap___aeabi_f2uiz
 .text.__wrap___aeabi_f2d
                0x10008284       0x14 CMakeFiles/HMI.dir/C_/pico/pico-sdk/src/rp2_common/pico_float/float_aeabi.S.obj
                0x10008284                __wrap___aeabi_f2d
 .text.__aeabi_float_init
                0x10008298       0x64 CMakeFiles/HMI.dir/C_/pico/pico-sdk/src/rp2_common/pico_float/float_init_rom.c.obj
                0x10008298                __aeabi_float_init
 .text.__wrap_roundf
                0x100082fc       0x3c CMakeFiles/HMI.dir/C_/pico/pico-sdk/src/rp2_common/pico_float/float_math.c.obj
                0x100082fc                __wrap_roundf
 .text.float_table_shim_on_use_helper
                0x10008338       0x2c CMakeFiles/HMI.dir/C_/pico/pico-sdk/src/rp2_common/pico_float/float_v1_rom_shim.S.obj
                0x10008338                float_table_shim_on_use_helper
 .text.float232_shims
                0x10008364       0x18 CMakeFiles/HMI.dir/C_/pico/pico-sdk/src/rp2_common/pico_float/float_v1_rom_shim.S.obj
                0x10008364                float2int_shim
                0x10008366                float2fix_shim
 .text.float2double_shim
                0x1000837c       0x30 CMakeFiles/HMI.dir/C_/pico/pico-sdk/src/rp2_common/pico_float/float_v1_rom_shim.S.obj
                0x1000837c                float2double_shim
 .text          0x100083ac       0x10 CMakeFiles/HMI.dir/C_/pico/pico-sdk/src/rp2_common/pico_mem_ops/mem_ops_aeabi.S.obj
                0x100083ac                __aeabi_mem_init
 .text.memset   0x100083bc        0xc CMakeFiles/HMI.dir/C_/pico/pico-sdk/src/rp2_common/pico_mem_ops/mem_ops_aeabi.S.obj
                0x100083bc                __wrap_memset
 .text.memcpy   0x100083c8        0xc CMakeFiles/HMI.dir/C_/pico/pico-sdk/src/rp2_common/pico_mem_ops/mem_ops_aeabi.S.obj
                0x100083c8                __wrap_memcpy
                0x100083c8                __wrap___aeabi_memcpy
 .text.stdio_out_chars_no_crlf
                0x100083d4       0x10 CMakeFiles/HMI.dir/C_/pico/pico-sdk/src/rp2_common/pico_stdio/stdio.c.obj
 .text.stdio_out_chars_crlf
                0x100083e4       0xb4 CMakeFiles/HMI.dir/C_/pico/pico-sdk/src/rp2_common/pico_stdio/stdio.c.obj
 .text.stdio_put_string.isra.0
                0x10008498       0xfc CMakeFiles/HMI.dir/C_/pico/pico-sdk/src/rp2_common/pico_stdio/stdio.c.obj
 .text.__wrap_putchar
                0x10008594       0xa0 CMakeFiles/HMI.dir/C_/pico/pico-sdk/src/rp2_common/pico_stdio/stdio.c.obj
                0x10008594                __wrap_putchar
 .text.__wrap_puts
                0x10008634       0x3c CMakeFiles/HMI.dir/C_/pico/pico-sdk/src/rp2_common/pico_stdio/stdio.c.obj
                0x10008634                __wrap_puts
 .text.stdio_set_driver_enabled
                0x10008670       0x30 CMakeFiles/HMI.dir/C_/pico/pico-sdk/src/rp2_common/pico_stdio/stdio.c.obj
                0x10008670                stdio_set_driver_enabled
 .text.stdio_init_all
                0x100086a0        0x8 CMakeFiles/HMI.dir/C_/pico/pico-sdk/src/rp2_common/pico_stdio/stdio.c.obj
                0x100086a0                stdio_init_all
 .text.resetd_init
                0x100086a8        0x4 CMakeFiles/HMI.dir/C_/pico/pico-sdk/src/rp2_common/pico_stdio_usb/reset_interface.c.obj
 .text.resetd_reset
                0x100086ac        0xc CMakeFiles/HMI.dir/C_/pico/pico-sdk/src/rp2_common/pico_stdio_usb/reset_interface.c.obj
 .text.resetd_open
                0x100086b8       0x28 CMakeFiles/HMI.dir/C_/pico/pico-sdk/src/rp2_common/pico_stdio_usb/reset_interface.c.obj
 .text.resetd_xfer_cb
                0x100086e0        0x4 CMakeFiles/HMI.dir/C_/pico/pico-sdk/src/rp2_common/pico_stdio_usb/reset_interface.c.obj
 .text.resetd_control_xfer_cb
                0x100086e4       0x64 CMakeFiles/HMI.dir/C_/pico/pico-sdk/src/rp2_common/pico_stdio_usb/reset_interface.c.obj
 .text.usbd_app_driver_get_cb
                0x10008748        0xc CMakeFiles/HMI.dir/C_/pico/pico-sdk/src/rp2_common/pico_stdio_usb/reset_interface.c.obj
                0x10008748                usbd_app_driver_get_cb
 .text.tud_cdc_line_coding_cb
                0x10008754       0x34 CMakeFiles/HMI.dir/C_/pico/pico-sdk/src/rp2_common/pico_stdio_usb/reset_interface.c.obj
                0x10008754                tud_cdc_line_coding_cb
 .text.stdio_usb_in_chars
                0x10008788       0x68 CMakeFiles/HMI.dir/C_/pico/pico-sdk/src/rp2_common/pico_stdio_usb/stdio_usb.c.obj
                0x10008788                stdio_usb_in_chars
 .text.stdio_usb_out_chars
                0x100087f0       0xe4 CMakeFiles/HMI.dir/C_/pico/pico-sdk/src/rp2_common/pico_stdio_usb/stdio_usb.c.obj
 .text.timer_task
                0x100088d4       0x18 CMakeFiles/HMI.dir/C_/pico/pico-sdk/src/rp2_common/pico_stdio_usb/stdio_usb.c.obj
 .text.usb_irq  0x100088ec       0x10 CMakeFiles/HMI.dir/C_/pico/pico-sdk/src/rp2_common/pico_stdio_usb/stdio_usb.c.obj
 .text.low_priority_worker_irq
                0x100088fc       0x24 CMakeFiles/HMI.dir/C_/pico/pico-sdk/src/rp2_common/pico_stdio_usb/stdio_usb.c.obj
 .text.stdio_usb_init
                0x10008920       0xb0 CMakeFiles/HMI.dir/C_/pico/pico-sdk/src/rp2_common/pico_stdio_usb/stdio_usb.c.obj
                0x10008920                stdio_usb_init
 .text.tud_descriptor_device_cb
                0x100089d0        0x8 CMakeFiles/HMI.dir/C_/pico/pico-sdk/src/rp2_common/pico_stdio_usb/stdio_usb_descriptors.c.obj
                0x100089d0                tud_descriptor_device_cb
 .text.tud_descriptor_configuration_cb
                0x100089d8        0x8 CMakeFiles/HMI.dir/C_/pico/pico-sdk/src/rp2_common/pico_stdio_usb/stdio_usb_descriptors.c.obj
                0x100089d8                tud_descriptor_configuration_cb
 .text.tud_descriptor_string_cb
                0x100089e0       0x74 CMakeFiles/HMI.dir/C_/pico/pico-sdk/src/rp2_common/pico_stdio_usb/stdio_usb_descriptors.c.obj
                0x100089e0                tud_descriptor_string_cb
 .text.dcd_rp2040_irq
                0x10008a54      0x21c CMakeFiles/HMI.dir/C_/pico/pico-sdk/lib/tinyusb/src/portable/raspberrypi/rp2040/dcd_rp2040.c.obj
 .text.dcd_int_enable
                0x10008c70        0xc CMakeFiles/HMI.dir/C_/pico/pico-sdk/lib/tinyusb/src/portable/raspberrypi/rp2040/dcd_rp2040.c.obj
                0x10008c70                dcd_int_enable
 .text.dcd_set_address
                0x10008c7c       0x14 CMakeFiles/HMI.dir/C_/pico/pico-sdk/lib/tinyusb/src/portable/raspberrypi/rp2040/dcd_rp2040.c.obj
                0x10008c7c                dcd_set_address
 .text.dcd_connect
                0x10008c90       0x10 CMakeFiles/HMI.dir/C_/pico/pico-sdk/lib/tinyusb/src/portable/raspberrypi/rp2040/dcd_rp2040.c.obj
                0x10008c90                dcd_connect
 .text.dcd_init
                0x10008ca0      0x144 CMakeFiles/HMI.dir/C_/pico/pico-sdk/lib/tinyusb/src/portable/raspberrypi/rp2040/dcd_rp2040.c.obj
                0x10008ca0                dcd_init
 .text.dcd_edpt0_status_complete
                0x10008de4       0x1c CMakeFiles/HMI.dir/C_/pico/pico-sdk/lib/tinyusb/src/portable/raspberrypi/rp2040/dcd_rp2040.c.obj
                0x10008de4                dcd_edpt0_status_complete
 .text.dcd_edpt_open
                0x10008e00       0xf0 CMakeFiles/HMI.dir/C_/pico/pico-sdk/lib/tinyusb/src/portable/raspberrypi/rp2040/dcd_rp2040.c.obj
                0x10008e00                dcd_edpt_open
 .text.dcd_edpt_close_all
                0x10008ef0       0xbc CMakeFiles/HMI.dir/C_/pico/pico-sdk/lib/tinyusb/src/portable/raspberrypi/rp2040/dcd_rp2040.c.obj
                0x10008ef0                dcd_edpt_close_all
 .text.dcd_edpt_xfer
                0x10008fac       0x24 CMakeFiles/HMI.dir/C_/pico/pico-sdk/lib/tinyusb/src/portable/raspberrypi/rp2040/dcd_rp2040.c.obj
                0x10008fac                dcd_edpt_xfer
 .text.dcd_edpt_stall
                0x10008fd0       0x38 CMakeFiles/HMI.dir/C_/pico/pico-sdk/lib/tinyusb/src/portable/raspberrypi/rp2040/dcd_rp2040.c.obj
                0x10008fd0                dcd_edpt_stall
 .text.dcd_edpt_clear_stall
                0x10009008       0x30 CMakeFiles/HMI.dir/C_/pico/pico-sdk/lib/tinyusb/src/portable/raspberrypi/rp2040/dcd_rp2040.c.obj
                0x10009008                dcd_edpt_clear_stall
 .text._hw_endpoint_buffer_control_update32.part.0.isra.0
                0x10009038       0x1c CMakeFiles/HMI.dir/C_/pico/pico-sdk/lib/tinyusb/src/portable/raspberrypi/rp2040/rp2040_usb.c.obj
 .text.rp2040_usb_init
                0x10009054       0x4c CMakeFiles/HMI.dir/C_/pico/pico-sdk/lib/tinyusb/src/portable/raspberrypi/rp2040/rp2040_usb.c.obj
                0x10009054                rp2040_usb_init
 .text.hw_endpoint_reset_transfer
                0x100090a0        0xc CMakeFiles/HMI.dir/C_/pico/pico-sdk/lib/tinyusb/src/portable/raspberrypi/rp2040/rp2040_usb.c.obj
                0x100090a0                hw_endpoint_reset_transfer
 .text._hw_endpoint_buffer_control_update32
                0x100090ac       0x44 CMakeFiles/HMI.dir/C_/pico/pico-sdk/lib/tinyusb/src/portable/raspberrypi/rp2040/rp2040_usb.c.obj
                0x100090ac                _hw_endpoint_buffer_control_update32
 .text.hw_endpoint_xfer_start
                0x100090f0      0x138 CMakeFiles/HMI.dir/C_/pico/pico-sdk/lib/tinyusb/src/portable/raspberrypi/rp2040/rp2040_usb.c.obj
                0x100090f0                hw_endpoint_xfer_start
 .text.hw_endpoint_xfer_continue
                0x10009228      0x1e4 CMakeFiles/HMI.dir/C_/pico/pico-sdk/lib/tinyusb/src/portable/raspberrypi/rp2040/rp2040_usb.c.obj
                0x10009228                hw_endpoint_xfer_continue
 .text.tud_mounted
                0x1000940c       0x10 CMakeFiles/HMI.dir/C_/pico/pico-sdk/lib/tinyusb/src/device/usbd.c.obj
                0x1000940c                tud_mounted
 .text.tud_suspended
                0x1000941c       0x10 CMakeFiles/HMI.dir/C_/pico/pico-sdk/lib/tinyusb/src/device/usbd.c.obj
                0x1000941c                tud_suspended
 .text.tud_inited
                0x1000942c        0xc CMakeFiles/HMI.dir/C_/pico/pico-sdk/lib/tinyusb/src/device/usbd.c.obj
                0x1000942c                tud_inited
 .text.tud_init
                0x10009438       0xd8 CMakeFiles/HMI.dir/C_/pico/pico-sdk/lib/tinyusb/src/device/usbd.c.obj
                0x10009438                tud_init
 .text.tud_task
                0x10009510      0x8ec CMakeFiles/HMI.dir/C_/pico/pico-sdk/lib/tinyusb/src/device/usbd.c.obj
                0x10009510                tud_task
 .text.dcd_event_bus_signal
                0x10009dfc      0x120 CMakeFiles/HMI.dir/C_/pico/pico-sdk/lib/tinyusb/src/device/usbd.c.obj
                0x10009dfc                dcd_event_bus_signal
 .text.dcd_event_bus_reset
                0x10009f1c       0x54 CMakeFiles/HMI.dir/C_/pico/pico-sdk/lib/tinyusb/src/device/usbd.c.obj
                0x10009f1c                dcd_event_bus_reset
 .text.dcd_event_setup_received
                0x10009f70       0x50 CMakeFiles/HMI.dir/C_/pico/pico-sdk/lib/tinyusb/src/device/usbd.c.obj
                0x10009f70                dcd_event_setup_received
 .text.dcd_event_xfer_complete
                0x10009fc0       0x68 CMakeFiles/HMI.dir/C_/pico/pico-sdk/lib/tinyusb/src/device/usbd.c.obj
                0x10009fc0                dcd_event_xfer_complete
 .text.usbd_open_edpt_pair
                0x1000a028       0x80 CMakeFiles/HMI.dir/C_/pico/pico-sdk/lib/tinyusb/src/device/usbd.c.obj
                0x1000a028                usbd_open_edpt_pair
 .text.usbd_edpt_open
                0x1000a0a8       0x30 CMakeFiles/HMI.dir/C_/pico/pico-sdk/lib/tinyusb/src/device/usbd.c.obj
                0x1000a0a8                usbd_edpt_open
 .text.usbd_edpt_claim
                0x1000a0d8       0x64 CMakeFiles/HMI.dir/C_/pico/pico-sdk/lib/tinyusb/src/device/usbd.c.obj
                0x1000a0d8                usbd_edpt_claim
 .text.usbd_edpt_release
                0x1000a13c       0x4c CMakeFiles/HMI.dir/C_/pico/pico-sdk/lib/tinyusb/src/device/usbd.c.obj
                0x1000a13c                usbd_edpt_release
 .text.usbd_edpt_xfer
                0x1000a188       0x48 CMakeFiles/HMI.dir/C_/pico/pico-sdk/lib/tinyusb/src/device/usbd.c.obj
                0x1000a188                usbd_edpt_xfer
 .text.tud_control_status
                0x1000a1d0       0x30 CMakeFiles/HMI.dir/C_/pico/pico-sdk/lib/tinyusb/src/device/usbd_control.c.obj
                0x1000a1d0                tud_control_status
 .text.tud_control_xfer
                0x1000a200       0xbc CMakeFiles/HMI.dir/C_/pico/pico-sdk/lib/tinyusb/src/device/usbd_control.c.obj
                0x1000a200                tud_control_xfer
 .text.usbd_control_reset
                0x1000a2bc       0x14 CMakeFiles/HMI.dir/C_/pico/pico-sdk/lib/tinyusb/src/device/usbd_control.c.obj
                0x1000a2bc                usbd_control_reset
 .text.usbd_control_set_complete_callback
                0x1000a2d0        0xc CMakeFiles/HMI.dir/C_/pico/pico-sdk/lib/tinyusb/src/device/usbd_control.c.obj
                0x1000a2d0                usbd_control_set_complete_callback
 .text.usbd_control_set_request
                0x1000a2dc       0x1c CMakeFiles/HMI.dir/C_/pico/pico-sdk/lib/tinyusb/src/device/usbd_control.c.obj
                0x1000a2dc                usbd_control_set_request
 .text.usbd_control_xfer_cb
                0x1000a2f8       0xfc CMakeFiles/HMI.dir/C_/pico/pico-sdk/lib/tinyusb/src/device/usbd_control.c.obj
                0x1000a2f8                usbd_control_xfer_cb
 .text.tud_cdc_n_connected
                0x1000a3f4       0x30 CMakeFiles/HMI.dir/C_/pico/pico-sdk/lib/tinyusb/src/class/cdc/cdc_device.c.obj
                0x1000a3f4                tud_cdc_n_connected
 .text.tud_cdc_n_available
                0x1000a424       0x18 CMakeFiles/HMI.dir/C_/pico/pico-sdk/lib/tinyusb/src/class/cdc/cdc_device.c.obj
                0x1000a424                tud_cdc_n_available
 .text.tud_cdc_n_read
                0x1000a43c       0x70 CMakeFiles/HMI.dir/C_/pico/pico-sdk/lib/tinyusb/src/class/cdc/cdc_device.c.obj
                0x1000a43c                tud_cdc_n_read
 .text.tud_cdc_n_write_flush
                0x1000a4ac       0x78 CMakeFiles/HMI.dir/C_/pico/pico-sdk/lib/tinyusb/src/class/cdc/cdc_device.c.obj
                0x1000a4ac                tud_cdc_n_write_flush
 .text.tud_cdc_n_write
                0x1000a524       0x34 CMakeFiles/HMI.dir/C_/pico/pico-sdk/lib/tinyusb/src/class/cdc/cdc_device.c.obj
                0x1000a524                tud_cdc_n_write
 .text.tud_cdc_n_write_available
                0x1000a558       0x18 CMakeFiles/HMI.dir/C_/pico/pico-sdk/lib/tinyusb/src/class/cdc/cdc_device.c.obj
                0x1000a558                tud_cdc_n_write_available
 .text.cdcd_init
                0x1000a570       0x7c CMakeFiles/HMI.dir/C_/pico/pico-sdk/lib/tinyusb/src/class/cdc/cdc_device.c.obj
                0x1000a570                cdcd_init
 .text.cdcd_reset
                0x1000a5ec       0x2c CMakeFiles/HMI.dir/C_/pico/pico-sdk/lib/tinyusb/src/class/cdc/cdc_device.c.obj
                0x1000a5ec                cdcd_reset
 .text.cdcd_open
                0x1000a618       0xe4 CMakeFiles/HMI.dir/C_/pico/pico-sdk/lib/tinyusb/src/class/cdc/cdc_device.c.obj
                0x1000a618                cdcd_open
 .text.cdcd_control_xfer_cb
                0x1000a6fc       0xe4 CMakeFiles/HMI.dir/C_/pico/pico-sdk/lib/tinyusb/src/class/cdc/cdc_device.c.obj
                0x1000a6fc                cdcd_control_xfer_cb
 .text.cdcd_xfer_cb
                0x1000a7e0      0x148 CMakeFiles/HMI.dir/C_/pico/pico-sdk/lib/tinyusb/src/class/cdc/cdc_device.c.obj
                0x1000a7e0                cdcd_xfer_cb
 .text.tusb_init
                0x1000a928        0xc CMakeFiles/HMI.dir/C_/pico/pico-sdk/lib/tinyusb/src/tusb.c.obj
                0x1000a928                tusb_init
 .text.tusb_inited
                0x1000a934        0x8 CMakeFiles/HMI.dir/C_/pico/pico-sdk/lib/tinyusb/src/tusb.c.obj
                0x1000a934                tusb_inited
 .text.tu_edpt_validate
                0x1000a93c       0x78 CMakeFiles/HMI.dir/C_/pico/pico-sdk/lib/tinyusb/src/tusb.c.obj
                0x1000a93c                tu_edpt_validate
 .text.tu_edpt_bind_driver
                0x1000a9b4       0x2c CMakeFiles/HMI.dir/C_/pico/pico-sdk/lib/tinyusb/src/tusb.c.obj
                0x1000a9b4                tu_edpt_bind_driver
 .text.tu_fifo_config
                0x1000a9e0       0x78 CMakeFiles/HMI.dir/C_/pico/pico-sdk/lib/tinyusb/src/common/tusb_fifo.c.obj
                0x1000a9e0                tu_fifo_config
 .text.tu_fifo_count
                0x1000aa58       0x20 CMakeFiles/HMI.dir/C_/pico/pico-sdk/lib/tinyusb/src/common/tusb_fifo.c.obj
                0x1000aa58                tu_fifo_count
 .text.tu_fifo_empty
                0x1000aa78       0x10 CMakeFiles/HMI.dir/C_/pico/pico-sdk/lib/tinyusb/src/common/tusb_fifo.c.obj
                0x1000aa78                tu_fifo_empty
 .text.tu_fifo_remaining
                0x1000aa88       0x1c CMakeFiles/HMI.dir/C_/pico/pico-sdk/lib/tinyusb/src/common/tusb_fifo.c.obj
                0x1000aa88                tu_fifo_remaining
 .text.tu_fifo_read
                0x1000aaa4       0x9c CMakeFiles/HMI.dir/C_/pico/pico-sdk/lib/tinyusb/src/common/tusb_fifo.c.obj
                0x1000aaa4                tu_fifo_read
 .text.tu_fifo_read_n
                0x1000ab40      0x100 CMakeFiles/HMI.dir/C_/pico/pico-sdk/lib/tinyusb/src/common/tusb_fifo.c.obj
                0x1000ab40                tu_fifo_read_n
 .text.tu_fifo_write
                0x1000ac40       0x7c CMakeFiles/HMI.dir/C_/pico/pico-sdk/lib/tinyusb/src/common/tusb_fifo.c.obj
                0x1000ac40                tu_fifo_write
 .text.tu_fifo_write_n
                0x1000acbc      0x100 CMakeFiles/HMI.dir/C_/pico/pico-sdk/lib/tinyusb/src/common/tusb_fifo.c.obj
                0x1000acbc                tu_fifo_write_n
 .text.tu_fifo_clear
                0x1000adbc       0x4c CMakeFiles/HMI.dir/C_/pico/pico-sdk/lib/tinyusb/src/common/tusb_fifo.c.obj
                0x1000adbc                tu_fifo_clear
 .text.tu_fifo_set_overwritable
                0x1000ae08       0x3c CMakeFiles/HMI.dir/C_/pico/pico-sdk/lib/tinyusb/src/common/tusb_fifo.c.obj
                0x1000ae08                tu_fifo_set_overwritable
 .text.startup._retrieve_unique_id_on_boot
                0x1000ae44       0x10 CMakeFiles/HMI.dir/C_/pico/pico-sdk/src/rp2_common/pico_unique_id/unique_id.c.obj
 .text.pico_get_unique_board_id_string
                0x1000ae54      0x1a8 CMakeFiles/HMI.dir/C_/pico/pico-sdk/src/rp2_common/pico_unique_id/unique_id.c.obj
                0x1000ae54                pico_get_unique_board_id_string
 .text.flash_get_unique_id
                0x1000affc       0x40 CMakeFiles/HMI.dir/C_/pico/pico-sdk/src/rp2_common/hardware_flash/flash.c.obj
                0x1000affc                flash_get_unique_id
 .text.adc_init
                0x1000b03c       0x38 CMakeFiles/HMI.dir/C_/pico/pico-sdk/src/rp2_common/hardware_adc/adc.c.obj
                0x1000b03c                adc_init
 .text.spi_init
                0x1000b074       0xf8 CMakeFiles/HMI.dir/C_/pico/pico-sdk/src/rp2_common/hardware_spi/spi.c.obj
                0x1000b074                spi_init
 .text.strlen   0x1000b16c       0x5c c:/progra~2/gnuarm~1/102021~1.10/bin/../lib/gcc/arm-none-eabi/10.3.1/../../../../arm-none-eabi/lib/thumb/v6-m/nofp\libc.a(lib_a-strlen-stub.o)
                0x1000b16c                strlen
 *(.fini)
 .fini          0x1000b1c8        0x4 c:/progra~2/gnuarm~1/102021~1.10/bin/../lib/gcc/arm-none-eabi/10.3.1/thumb/v6-m/nofp/crti.o
                0x1000b1c8                _fini
 *fill*         0x1000b1cc        0x4 
 .fini.__stub   0x1000b1d0       0x90 linker stubs
 *crtbegin.o(.ctors)
 *crtbegin?.o(.ctors)
 *(EXCLUDE_FILE(*crtend.o *crtend?.o) .ctors)
 *(SORT_BY_NAME(.ctors.*))
 *(.ctors)
 *crtbegin.o(.dtors)
 *crtbegin?.o(.dtors)
 *(EXCLUDE_FILE(*crtend.o *crtend?.o) .dtors)
 *(SORT_BY_NAME(.dtors.*))
 *(.dtors)
 *(.eh_frame*)
 .eh_frame      0x1000b260        0x0 c:/progra~2/gnuarm~1/102021~1.10/bin/../lib/gcc/arm-none-eabi/10.3.1/thumb/v6-m/nofp/crtbegin.o
                0x1000b260                . = ALIGN (0x4)

.glue_7         0x1000b260        0x0
 .glue_7        0x1000b260        0x0 linker stubs

.glue_7t        0x1000b260        0x0
 .glue_7t       0x1000b260        0x0 linker stubs

.vfp11_veneer   0x1000b260        0x0
 .vfp11_veneer  0x1000b260        0x0 linker stubs

.v4_bx          0x1000b260        0x0
 .v4_bx         0x1000b260        0x0 linker stubs

.iplt           0x1000b260        0x0
 .iplt          0x1000b260        0x0 c:/progra~2/gnuarm~1/102021~1.10/bin/../lib/gcc/arm-none-eabi/10.3.1/thumb/v6-m/nofp/crtbegin.o

.rodata         0x1000b260     0x7b48
 *(EXCLUDE_FILE(*libm.a: *libc.a:*lib_a-mem*.o *libgcc.a:) .rodata*)
 .rodata.GPU_Render.str1.4
                0x1000b260       0x18 CMakeFiles/HMI.dir/src/ui.c.obj
 .rodata.DrawFilledTriangle.str1.4
                0x1000b278        0xd CMakeFiles/HMI.dir/src/ui.c.obj
 *fill*         0x1000b285        0x3 
 .rodata.Font11x18
                0x1000b288      0xd5c CMakeFiles/HMI.dir/src/ui.c.obj
 .rodata.Font16x26
                0x1000bfe4     0x134c CMakeFiles/HMI.dir/src/ui.c.obj
 .rodata.Font6x8
                0x1000d330      0x5f0 CMakeFiles/HMI.dir/src/ui.c.obj
 .rodata.Font7x10
                0x1000d920      0x76c CMakeFiles/HMI.dir/src/ui.c.obj
 .rodata.cross  0x1000e08c      0xe10 CMakeFiles/HMI.dir/src/ui.c.obj
 .rodata.fontDescription
                0x1000ee9c       0x20 CMakeFiles/HMI.dir/src/ui.c.obj
                0x1000ee9c                fontDescription
 .rodata.temp   0x1000eebc     0x3840 CMakeFiles/HMI.dir/src/ui.c.obj
 .rodata.Interrup_callback.str1.4
                0x100126fc       0x1d CMakeFiles/HMI.dir/src/interface.c.obj
 *fill*         0x10012719        0x3 
 .rodata.Keyboard.str1.4
                0x1001271c       0x19 CMakeFiles/HMI.dir/src/interface.c.obj
 .rodata.draw_arrow.str1.4
                0x10012735        0x6 CMakeFiles/HMI.dir/src/screens/distance_screen.c.obj
 .rodata.bottomNavigation.str1.4
                0x10012735        0x5 CMakeFiles/HMI.dir/src/screens/distance_screen.c.obj
 *fill*         0x10012735        0x3 
 .rodata.distance_screen_init.str1.4
                0x10012738       0x13 CMakeFiles/HMI.dir/src/screens/distance_screen.c.obj
 *fill*         0x1001274b        0x1 
 .rodata.simulator_screen_init.str1.4
                0x1001274c       0x1b CMakeFiles/HMI.dir/src/screens/simulator_screen.c.obj
 *fill*         0x10012767        0x1 
 .rodata.update_temperature.str1.4
                0x10012768        0xd CMakeFiles/HMI.dir/src/temp.c.obj
                                 0x11 (size before relaxing)
 *fill*         0x10012775        0x3 
 .rodata.update_distance.str1.4
                0x10012778       0x14 CMakeFiles/HMI.dir/src/distance.c.obj
 .rodata.brightness_screen_init.str1.4
                0x1001278c        0x1 CMakeFiles/HMI.dir/src/brightness.c.obj
 .rodata.update_brightness.str1.4
                0x1001278c        0x4 CMakeFiles/HMI.dir/src/brightness.c.obj
 .rodata        0x10012790       0x19 CMakeFiles/HMI.dir/src/brightness.c.obj
 *fill*         0x100127a9        0x3 
 .rodata.display_info.str1.4
                0x100127ac       0x21 CMakeFiles/HMI.dir/src/screens/popup.c.obj
 *fill*         0x100127cd        0x3 
 .rodata.str1.4
                0x100127d0       0xc3 CMakeFiles/HMI.dir/src/screens/popup.c.obj
 *fill*         0x10012893        0x1 
 .rodata.spin_lock_claim_unused.str1.4
                0x10012894       0x1b CMakeFiles/HMI.dir/C_/pico/pico-sdk/src/rp2_common/hardware_sync/sync.c.obj
 *fill*         0x100128af        0x1 
 .rodata.user_irq_claim_unused.str1.4
                0x100128b0       0x1b CMakeFiles/HMI.dir/C_/pico/pico-sdk/src/rp2_common/hardware_irq/irq.c.obj
 *fill*         0x100128cb        0x1 
 .rodata.hardware_alarm_claim.str1.4
                0x100128cc       0x22 CMakeFiles/HMI.dir/C_/pico/pico-sdk/src/rp2_common/hardware_timer/timer.c.obj
 *fill*         0x100128ee        0x2 
 .rodata.panic.str1.4
                0x100128f0       0x12 CMakeFiles/HMI.dir/C_/pico/pico-sdk/src/rp2_common/pico_runtime/runtime.c.obj
 *fill*         0x10012902        0x2 
 .rodata.hard_assertion_failure.str1.4
                0x10012904        0xc CMakeFiles/HMI.dir/C_/pico/pico-sdk/src/rp2_common/pico_runtime/runtime.c.obj
 .rodata._ftoa.str1.4
                0x10012910       0x15 CMakeFiles/HMI.dir/C_/pico/pico-sdk/src/rp2_common/pico_printf/printf.c.obj
 *fill*         0x10012925        0x3 
 .rodata._vsnprintf
                0x10012928      0x1e0 CMakeFiles/HMI.dir/C_/pico/pico-sdk/src/rp2_common/pico_printf/printf.c.obj
 .rodata.pow10.0
                0x10012b08       0x50 CMakeFiles/HMI.dir/C_/pico/pico-sdk/src/rp2_common/pico_printf/printf.c.obj
 .rodata.str1.4
                0x10012b58       0x38 CMakeFiles/HMI.dir/C_/pico/pico-sdk/src/rp2_common/pico_standard_link/binary_info.c.obj
 .rodata.__bi_44
                0x10012b90        0xc CMakeFiles/HMI.dir/C_/pico/pico-sdk/src/rp2_common/pico_standard_link/binary_info.c.obj
 .rodata.__bi_75
                0x10012b9c        0xc CMakeFiles/HMI.dir/C_/pico/pico-sdk/src/rp2_common/pico_standard_link/binary_info.c.obj
 .rodata.__bi_81
                0x10012ba8        0xc CMakeFiles/HMI.dir/C_/pico/pico-sdk/src/rp2_common/pico_standard_link/binary_info.c.obj
 .rodata.crlf_str.0
                0x10012bb4        0x2 CMakeFiles/HMI.dir/C_/pico/pico-sdk/src/rp2_common/pico_stdio/stdio.c.obj
 *fill*         0x10012bb6        0x2 
 .rodata._resetd_driver
                0x10012bb8       0x18 CMakeFiles/HMI.dir/C_/pico/pico-sdk/src/rp2_common/pico_stdio_usb/reset_interface.c.obj
 .rodata.str1.4
                0x10012bd0       0x13 CMakeFiles/HMI.dir/C_/pico/pico-sdk/src/rp2_common/pico_stdio_usb/stdio_usb.c.obj
 *fill*         0x10012be3        0x1 
 .rodata.__bi_118.0
                0x10012be4        0xc CMakeFiles/HMI.dir/C_/pico/pico-sdk/src/rp2_common/pico_stdio_usb/stdio_usb.c.obj
 .rodata.str1.4
                0x10012bf0       0x2a CMakeFiles/HMI.dir/C_/pico/pico-sdk/src/rp2_common/pico_stdio_usb/stdio_usb_descriptors.c.obj
 *fill*         0x10012c1a        0x2 
 .rodata.usbd_desc_cfg
                0x10012c1c       0x54 CMakeFiles/HMI.dir/C_/pico/pico-sdk/src/rp2_common/pico_stdio_usb/stdio_usb_descriptors.c.obj
 .rodata.usbd_desc_device
                0x10012c70       0x12 CMakeFiles/HMI.dir/C_/pico/pico-sdk/src/rp2_common/pico_stdio_usb/stdio_usb_descriptors.c.obj
 *fill*         0x10012c82        0x2 
 .rodata.usbd_desc_str
                0x10012c84       0x18 CMakeFiles/HMI.dir/C_/pico/pico-sdk/src/rp2_common/pico_stdio_usb/stdio_usb_descriptors.c.obj
 .rodata.dcd_rp2040_irq.str1.4
                0x10012c9c       0x14 CMakeFiles/HMI.dir/C_/pico/pico-sdk/lib/tinyusb/src/portable/raspberrypi/rp2040/dcd_rp2040.c.obj
 .rodata._hw_endpoint_buffer_control_update32.part.0.isra.0.str1.4
                0x10012cb0       0x1f CMakeFiles/HMI.dir/C_/pico/pico-sdk/lib/tinyusb/src/portable/raspberrypi/rp2040/rp2040_usb.c.obj
 *fill*         0x10012ccf        0x1 
 .rodata.hw_endpoint_xfer_continue.str1.4
                0x10012cd0       0x29 CMakeFiles/HMI.dir/C_/pico/pico-sdk/lib/tinyusb/src/portable/raspberrypi/rp2040/rp2040_usb.c.obj
 *fill*         0x10012cf9        0x3 
 .rodata.str1.4
                0x10012cfc        0x7 CMakeFiles/HMI.dir/C_/pico/pico-sdk/lib/tinyusb/src/portable/raspberrypi/rp2040/rp2040_usb.c.obj
 *fill*         0x10012d03        0x1 
 .rodata.tud_task
                0x10012d04       0x8c CMakeFiles/HMI.dir/C_/pico/pico-sdk/lib/tinyusb/src/device/usbd.c.obj
 .rodata._usbd_driver
                0x10012d90       0x18 CMakeFiles/HMI.dir/C_/pico/pico-sdk/lib/tinyusb/src/device/usbd.c.obj
                0x10012da8                . = ALIGN (0x4)
 *(SORT_BY_ALIGNMENT(SORT_BY_NAME(.flashdata*)))
                0x10012da8                . = ALIGN (0x4)

.rel.dyn        0x10012da8        0x0
 .rel.iplt      0x10012da8        0x0 c:/progra~2/gnuarm~1/102021~1.10/bin/../lib/gcc/arm-none-eabi/10.3.1/thumb/v6-m/nofp/crtbegin.o

.ARM.extab
 *(.ARM.extab* .gnu.linkonce.armextab.*)
                0x10012da8                __exidx_start = .

.ARM.exidx
 *(.ARM.exidx* .gnu.linkonce.armexidx.*)
                0x10012da8                __exidx_end = .
                0x10012da8                . = ALIGN (0x4)
                0x10012da8                __binary_info_start = .

.binary_info    0x10012da8       0x20
 *(.binary_info.keep.*)
 .binary_info.keep.__bi_ptr22
                0x10012da8        0x4 CMakeFiles/HMI.dir/C_/pico/pico-sdk/src/rp2_common/pico_standard_link/binary_info.c.obj
 .binary_info.keep.__bi_ptr30
                0x10012dac        0x4 CMakeFiles/HMI.dir/C_/pico/pico-sdk/src/rp2_common/pico_standard_link/binary_info.c.obj
 .binary_info.keep.__bi_ptr38
                0x10012db0        0x4 CMakeFiles/HMI.dir/C_/pico/pico-sdk/src/rp2_common/pico_standard_link/binary_info.c.obj
 .binary_info.keep.__bi_ptr44
                0x10012db4        0x4 CMakeFiles/HMI.dir/C_/pico/pico-sdk/src/rp2_common/pico_standard_link/binary_info.c.obj
 .binary_info.keep.__bi_ptr50
                0x10012db8        0x4 CMakeFiles/HMI.dir/C_/pico/pico-sdk/src/rp2_common/pico_standard_link/binary_info.c.obj
 .binary_info.keep.__bi_ptr75
                0x10012dbc        0x4 CMakeFiles/HMI.dir/C_/pico/pico-sdk/src/rp2_common/pico_standard_link/binary_info.c.obj
 .binary_info.keep.__bi_ptr81
                0x10012dc0        0x4 CMakeFiles/HMI.dir/C_/pico/pico-sdk/src/rp2_common/pico_standard_link/binary_info.c.obj
 *(.binary_info.*)
 .binary_info.__bi_ptr118
                0x10012dc4        0x4 CMakeFiles/HMI.dir/C_/pico/pico-sdk/src/rp2_common/pico_stdio_usb/stdio_usb.c.obj
                0x10012dc8                __binary_info_end = .
                0x10012dc8                . = ALIGN (0x4)
                0x10012dc8                __etext = .

.ram_vector_table
                0x20000000       0xc0
 *(.ram_vector_table)
 .ram_vector_table
                0x20000000       0xc0 CMakeFiles/HMI.dir/C_/pico/pico-sdk/src/rp2_common/pico_runtime/runtime.c.obj
                0x20000000                ram_vector_table

.data           0x200000c0      0x4e0 load address 0x10012dc8
                0x200000c0                __data_start__ = .
 *(vtable)
 *(.time_critical*)
 .time_critical.mutex_enter_blocking
                0x200000c0       0x48 CMakeFiles/HMI.dir/C_/pico/pico-sdk/src/common/pico_sync/mutex.c.obj
                0x200000c0                mutex_enter_blocking
 .time_critical.mutex_try_enter
                0x20000108       0x44 CMakeFiles/HMI.dir/C_/pico/pico-sdk/src/common/pico_sync/mutex.c.obj
                0x20000108                mutex_try_enter
 .time_critical.mutex_enter_timeout_ms
                0x2000014c       0xa0 CMakeFiles/HMI.dir/C_/pico/pico-sdk/src/common/pico_sync/mutex.c.obj
                0x2000014c                mutex_enter_timeout_ms
 .time_critical.mutex_exit
                0x200001ec       0x28 CMakeFiles/HMI.dir/C_/pico/pico-sdk/src/common/pico_sync/mutex.c.obj
                0x200001ec                mutex_exit
 .time_critical.flash_init_boot2_copyout
                0x20000214       0x30 CMakeFiles/HMI.dir/C_/pico/pico-sdk/src/rp2_common/hardware_flash/flash.c.obj
 .time_critical.flash_enable_xip_via_boot2
                0x20000244       0x10 CMakeFiles/HMI.dir/C_/pico/pico-sdk/src/rp2_common/hardware_flash/flash.c.obj
 .time_critical.flash_cs_force
                0x20000254       0x38 CMakeFiles/HMI.dir/C_/pico/pico-sdk/src/rp2_common/hardware_flash/flash.c.obj
 .time_critical.flash_do_cmd
                0x2000028c       0xc4 CMakeFiles/HMI.dir/C_/pico/pico-sdk/src/rp2_common/hardware_flash/flash.c.obj
                0x2000028c                flash_do_cmd
 .time_critical.spi_write_blocking
                0x20000350       0x4c CMakeFiles/HMI.dir/C_/pico/pico-sdk/src/rp2_common/hardware_spi/spi.c.obj
                0x20000350                spi_write_blocking
 *(.text*)
 .text          0x2000039c        0x4 c:/progra~2/gnuarm~1/102021~1.10/bin/../lib/gcc/arm-none-eabi/10.3.1/thumb/v6-m/nofp\libgcc.a(_dvmd_tls.o)
                0x2000039c                __aeabi_idiv0
                0x2000039c                __aeabi_ldiv0
 .text.memmove  0x200003a0       0xac c:/progra~2/gnuarm~1/102021~1.10/bin/../lib/gcc/arm-none-eabi/10.3.1/../../../../arm-none-eabi/lib/thumb/v6-m/nofp\libc.a(lib_a-memmove.o)
                0x200003a0                memmove
 *fill*         0x2000044c        0x4 
 .text.memmove.__stub
                0x20000450       0x30 linker stubs
                0x20000480                . = ALIGN (0x4)
 *(.rodata*)
                0x20000480                . = ALIGN (0x4)
 *(.data*)
 .data.list     0x20000480        0x4 CMakeFiles/HMI.dir/src/interface.c.obj
                0x20000480                list
 .data.NUM_SCREENS
                0x20000484        0x4 CMakeFiles/HMI.dir/src/main.c.obj
                0x20000484                NUM_SCREENS
 .data.end      0x20000488        0x4 CMakeFiles/HMI.dir/src/main.c.obj
 .data.Y1       0x2000048c        0x4 CMakeFiles/HMI.dir/src/screens/simulator_screen.c.obj
                0x2000048c                Y1
 .data.Y2       0x20000490        0x4 CMakeFiles/HMI.dir/src/screens/simulator_screen.c.obj
                0x20000490                Y2
 .data.NavigationInfo
                0x20000494       0x18 CMakeFiles/HMI.dir/src/screens/popup.c.obj
                0x20000494                NavigationInfo
 .data.striped_spin_lock_num
                0x200004ac        0x1 CMakeFiles/HMI.dir/C_/pico/pico-sdk/src/rp2_common/hardware_sync/sync.c.obj
 *fill*         0x200004ad        0x3 
 .data          0x200004b0       0x48 CMakeFiles/HMI.dir/C_/pico/pico-sdk/src/rp2_common/hardware_irq/irq_handler_chain.S.obj
                0x200004b0                irq_handler_chain_slots
                0x200004e0                irq_handler_chain_first_slot
                0x200004ea                irq_handler_chain_remove_tail
 .data.default_alarm_pool
                0x200004f8       0x18 CMakeFiles/HMI.dir/C_/pico/pico-sdk/src/common/pico_time/time.c.obj
 .data.default_alarm_pool_heap
                0x20000510       0x10 CMakeFiles/HMI.dir/C_/pico/pico-sdk/src/common/pico_time/time.c.obj
 *fill*         0x20000520        0x0 
 .data.aeabi_bits_funcs
                0x20000520       0x10 CMakeFiles/HMI.dir/C_/pico/pico-sdk/src/rp2_common/pico_bit_ops/bit_ops_aeabi.S.obj
                0x20000520                aeabi_bits_funcs
                0x20000530                aeabi_bits_funcs_end
 .data.aeabi_mem_funcs
                0x20000530       0x10 CMakeFiles/HMI.dir/C_/pico/pico-sdk/src/rp2_common/pico_mem_ops/mem_ops_aeabi.S.obj
                0x20000530                aeabi_mem_funcs
                0x20000540                aeabi_mem_funcs_end
 .data.stdio_usb
                0x20000540       0x14 CMakeFiles/HMI.dir/C_/pico/pico-sdk/src/rp2_common/pico_stdio_usb/stdio_usb.c.obj
                0x20000540                stdio_usb
 .data.ep_dir_string
                0x20000554        0x8 CMakeFiles/HMI.dir/C_/pico/pico-sdk/lib/tinyusb/src/portable/raspberrypi/rp2040/rp2040_usb.c.obj
                0x20000554                ep_dir_string
 .data._usbd_qdef
                0x2000055c       0x24 CMakeFiles/HMI.dir/C_/pico/pico-sdk/lib/tinyusb/src/device/usbd.c.obj
                0x2000055c                _usbd_qdef
                0x20000580                . = ALIGN (0x4)
 *(.after_data.*)
                0x20000580                . = ALIGN (0x4)
                0x20000580                PROVIDE (__mutex_array_start = .)
 *(SORT_BY_NAME(.mutex_array.*))
 *(.mutex_array)
 .mutex_array   0x20000580        0x8 CMakeFiles/HMI.dir/C_/pico/pico-sdk/src/rp2_common/pico_stdio/stdio.c.obj
                0x20000588                PROVIDE (__mutex_array_end = .)
                0x20000588                . = ALIGN (0x4)
                0x20000588                PROVIDE (__preinit_array_start = .)
 *(SORT_BY_NAME(.preinit_array.*))
 .preinit_array.00001
                0x20000588        0x4 CMakeFiles/HMI.dir/C_/pico/pico-sdk/src/rp2_common/pico_mem_ops/mem_ops_aeabi.S.obj
 .preinit_array.00010
                0x2000058c        0x4 CMakeFiles/HMI.dir/C_/pico/pico-sdk/src/rp2_common/pico_bit_ops/bit_ops_aeabi.S.obj
 .preinit_array.00020
                0x20000590        0x4 CMakeFiles/HMI.dir/C_/pico/pico-sdk/src/rp2_common/pico_double/double_aeabi.S.obj
 .preinit_array.00020
                0x20000594        0x4 CMakeFiles/HMI.dir/C_/pico/pico-sdk/src/rp2_common/pico_float/float_aeabi.S.obj
 *(.preinit_array)
                0x20000598                PROVIDE (__preinit_array_end = .)
                0x20000598                . = ALIGN (0x4)
                0x20000598                PROVIDE (__init_array_start = .)
 *(SORT_BY_NAME(.init_array.*))
 *(.init_array)
 .init_array    0x20000598        0x4 c:/progra~2/gnuarm~1/102021~1.10/bin/../lib/gcc/arm-none-eabi/10.3.1/thumb/v6-m/nofp/crtbegin.o
 .init_array    0x2000059c        0x4 CMakeFiles/HMI.dir/C_/pico/pico-sdk/src/rp2_common/pico_unique_id/unique_id.c.obj
                0x200005a0                PROVIDE (__init_array_end = .)
                0x200005a0                . = ALIGN (0x4)
                [!provide]                PROVIDE (__fini_array_start = .)
 *(SORT_BY_NAME(.fini_array.*))
 *(.fini_array)
                [!provide]                PROVIDE (__fini_array_end = .)
 *(.jcr)
                0x200005a0                . = ALIGN (0x4)
                0x200005a0                __data_end__ = .

.igot.plt       0x200005a0        0x0 load address 0x100132a8
 .igot.plt      0x200005a0        0x0 c:/progra~2/gnuarm~1/102021~1.10/bin/../lib/gcc/arm-none-eabi/10.3.1/thumb/v6-m/nofp/crtbegin.o

.uninitialized_data
                0x200005a0        0x0 load address 0x100132a8
                0x200005a0                . = ALIGN (0x4)
 *(.uninitialized_data*)

.scratch_x      0x20040000        0x0 load address 0x100132a8
                0x20040000                __scratch_x_start__ = .
 *(.scratch_x.*)
                0x20040000                . = ALIGN (0x4)
                0x20040000                __scratch_x_end__ = .
                0x100132a8                __scratch_x_source__ = LOADADDR (.scratch_x)

.scratch_y      0x20041000        0x0 load address 0x100132a8
                0x20041000                __scratch_y_start__ = .
 *(.scratch_y.*)
                0x20041000                . = ALIGN (0x4)
                0x20041000                __scratch_y_end__ = .
                0x100132a8                __scratch_y_source__ = LOADADDR (.scratch_y)

.bss            0x200005a0    0x265f8
                0x200005a0                . = ALIGN (0x4)
                0x200005a0                __bss_start__ = .
 *(SORT_BY_ALIGNMENT(SORT_BY_NAME(.bss*)))
 .bss.default_alarm_pool_entries
                0x200005a0      0x100 CMakeFiles/HMI.dir/C_/pico/pico-sdk/src/common/pico_time/time.c.obj
 .bss.last_avail_time.1
                0x200006a0        0x8 CMakeFiles/HMI.dir/C_/pico/pico-sdk/src/rp2_common/pico_stdio_usb/stdio_usb.c.obj
 .bss.sd_table  0x200006a8      0x100 CMakeFiles/HMI.dir/C_/pico/pico-sdk/src/rp2_common/pico_double/double_init_rom.c.obj
                0x200006a8                sd_table
 .bss.sf_table  0x200007a8      0x100 CMakeFiles/HMI.dir/C_/pico/pico-sdk/src/rp2_common/pico_float/float_init_rom.c.obj
                0x200007a8                sf_table
 .bss           0x200008a8       0x1c c:/progra~2/gnuarm~1/102021~1.10/bin/../lib/gcc/arm-none-eabi/10.3.1/thumb/v6-m/nofp/crtbegin.o
 .bss._app_driver
                0x200008c4        0x4 CMakeFiles/HMI.dir/C_/pico/pico-sdk/lib/tinyusb/src/device/usbd.c.obj
 .bss._cdcd_itf
                0x200008c8      0x2d8 CMakeFiles/HMI.dir/C_/pico/pico-sdk/lib/tinyusb/src/class/cdc/cdc_device.c.obj
 .bss._ctrl_xfer
                0x20000ba0       0x14 CMakeFiles/HMI.dir/C_/pico/pico-sdk/lib/tinyusb/src/device/usbd_control.c.obj
 .bss._framebuffer
                0x20000bb4    0x25800 CMakeFiles/HMI.dir/src/ui.c.obj
                0x20000bb4                _framebuffer
 .bss._lastDrawTime
                0x200263b4        0x4 CMakeFiles/HMI.dir/src/main.c.obj
 .bss._ubsd_mutexdef
                0x200263b8        0x8 CMakeFiles/HMI.dir/C_/pico/pico-sdk/lib/tinyusb/src/device/usbd.c.obj
 .bss._usbd_ctrl_buf
                0x200263c0       0x40 CMakeFiles/HMI.dir/C_/pico/pico-sdk/lib/tinyusb/src/device/usbd_control.c.obj
 .bss._usbd_dev
                0x20026400       0x53 CMakeFiles/HMI.dir/C_/pico/pico-sdk/lib/tinyusb/src/device/usbd.c.obj
 *fill*         0x20026453        0x1 
 .bss._usbd_mutex
                0x20026454        0x4 CMakeFiles/HMI.dir/C_/pico/pico-sdk/lib/tinyusb/src/device/usbd.c.obj
 .bss._usbd_q   0x20026458        0x4 CMakeFiles/HMI.dir/C_/pico/pico-sdk/lib/tinyusb/src/device/usbd.c.obj
 .bss._usbd_qdef_buf
                0x2002645c       0xc0 CMakeFiles/HMI.dir/C_/pico/pico-sdk/lib/tinyusb/src/device/usbd.c.obj
                0x2002645c                _usbd_qdef_buf
 .bss.alarm_callbacks
                0x2002651c       0x10 CMakeFiles/HMI.dir/C_/pico/pico-sdk/src/rp2_common/hardware_timer/timer.c.obj
 .bss.boot2_copyout
                0x2002652c      0x100 CMakeFiles/HMI.dir/C_/pico/pico-sdk/src/rp2_common/hardware_flash/flash.c.obj
 .bss.callbacks
                0x2002662c        0x8 CMakeFiles/HMI.dir/C_/pico/pico-sdk/src/rp2_common/hardware_gpio/gpio.c.obj
 .bss.claimed   0x20026634        0x4 CMakeFiles/HMI.dir/C_/pico/pico-sdk/src/rp2_common/hardware_sync/sync.c.obj
 .bss.configured_freq
                0x20026638       0x28 CMakeFiles/HMI.dir/C_/pico/pico-sdk/src/rp2_common/hardware_clocks/clocks.c.obj
 .bss.curr_brightness
                0x20026660        0x4 CMakeFiles/HMI.dir/src/main.c.obj
                0x20026660                curr_brightness
 .bss.default_alarm_pool_entry_ids_high
                0x20026664       0x10 CMakeFiles/HMI.dir/C_/pico/pico-sdk/src/common/pico_time/time.c.obj
 .bss.default_alarm_pool_heap_nodes
                0x20026674       0x30 CMakeFiles/HMI.dir/C_/pico/pico-sdk/src/common/pico_time/time.c.obj
 .bss.depths    0x200266a4       0x34 CMakeFiles/HMI.dir/src/simulation.c.obj
                0x200266a4                depths
 .bss.desc_str.0
                0x200266d8       0x28 CMakeFiles/HMI.dir/C_/pico/pico-sdk/src/rp2_common/pico_stdio_usb/stdio_usb_descriptors.c.obj
 .bss.dist      0x20026700        0x4 CMakeFiles/HMI.dir/src/main.c.obj
                0x20026700                dist
 .bss.drivers   0x20026704        0x4 CMakeFiles/HMI.dir/C_/pico/pico-sdk/src/rp2_common/pico_stdio/stdio.c.obj
 .bss.filter    0x20026708        0x4 CMakeFiles/HMI.dir/C_/pico/pico-sdk/src/rp2_common/pico_stdio/stdio.c.obj
 .bss.hw_endpoints
                0x2002670c      0x400 CMakeFiles/HMI.dir/C_/pico/pico-sdk/lib/tinyusb/src/portable/raspberrypi/rp2040/dcd_rp2040.c.obj
 .bss.lastDetectedPress
                0x20026b0c        0x4 CMakeFiles/HMI.dir/src/main.c.obj
                0x20026b0c                lastDetectedPress
 .bss.lazy_vsnprintf
                0x20026b10        0x4 CMakeFiles/HMI.dir/C_/pico/pico-sdk/src/rp2_common/pico_printf/printf.c.obj
 .bss.load_value
                0x20026b14        0x4 CMakeFiles/HMI.dir/C_/pico/pico-sdk/src/rp2_common/hardware_watchdog/watchdog.c.obj
 .bss.new_draw_time
                0x20026b18        0x4 CMakeFiles/HMI.dir/src/main.c.obj
                0x20026b18                new_draw_time
 .bss.next_buffer_ptr
                0x20026b1c        0x4 CMakeFiles/HMI.dir/C_/pico/pico-sdk/lib/tinyusb/src/portable/raspberrypi/rp2040/dcd_rp2040.c.obj
 .bss.oldTime   0x20026b20        0x4 CMakeFiles/HMI.dir/src/ui.c.obj
                0x20026b20                oldTime
 .bss.pools     0x20026b24       0x10 CMakeFiles/HMI.dir/C_/pico/pico-sdk/src/common/pico_time/time.c.obj
 .bss.presses   0x20026b34        0x4 CMakeFiles/HMI.dir/src/main.c.obj
                0x20026b34                presses
 .bss.raw_irq_mask
                0x20026b38        0x8 CMakeFiles/HMI.dir/C_/pico/pico-sdk/src/rp2_common/hardware_gpio/gpio.c.obj
 .bss.retrieved_id
                0x20026b40        0x8 CMakeFiles/HMI.dir/C_/pico/pico-sdk/src/rp2_common/pico_unique_id/unique_id.c.obj
 .bss.sf_clz_func
                0x20026b48        0x4 CMakeFiles/HMI.dir/C_/pico/pico-sdk/src/rp2_common/pico_double/double_init_rom.c.obj
                0x20026b48                sf_clz_func
 .bss.sleep_notifier
                0x20026b4c        0x4 CMakeFiles/HMI.dir/C_/pico/pico-sdk/src/common/pico_time/time.c.obj
 .bss.stdio_usb_mutex
                0x20026b50        0x8 CMakeFiles/HMI.dir/C_/pico/pico-sdk/src/rp2_common/pico_stdio_usb/stdio_usb.c.obj
 .bss.target_hi
                0x20026b58       0x10 CMakeFiles/HMI.dir/C_/pico/pico-sdk/src/rp2_common/hardware_timer/timer.c.obj
 .bss.temperature
                0x20026b68        0x4 CMakeFiles/HMI.dir/src/distance.c.obj
                0x20026b68                temperature
 .bss.usbd_serial_str
                0x20026b6c       0x11 CMakeFiles/HMI.dir/C_/pico/pico-sdk/src/rp2_common/pico_stdio_usb/stdio_usb_descriptors.c.obj
 *fill*         0x20026b7d        0x3 
 .bss.user_irq_claimed
                0x20026b80        0x2 CMakeFiles/HMI.dir/C_/pico/pico-sdk/src/rp2_common/hardware_irq/irq.c.obj
 *fill*         0x20026b82        0x2 
 .bss.vsound    0x20026b84        0x4 CMakeFiles/HMI.dir/src/distance.c.obj
                0x20026b84                vsound
 .bss.BG_COLOR  0x20026b88        0x2 CMakeFiles/HMI.dir/src/main.c.obj
                0x20026b88                BG_COLOR
 .bss._app_driver_count
                0x20026b8a        0x1 CMakeFiles/HMI.dir/C_/pico/pico-sdk/lib/tinyusb/src/device/usbd.c.obj
 .bss._usbd_initialized
                0x20026b8b        0x1 CMakeFiles/HMI.dir/C_/pico/pico-sdk/lib/tinyusb/src/device/usbd.c.obj
 .bss.boot2_copyout_valid
                0x20026b8c        0x1 CMakeFiles/HMI.dir/C_/pico/pico-sdk/src/rp2_common/hardware_flash/flash.c.obj
 .bss.claimed   0x20026b8d        0x1 CMakeFiles/HMI.dir/C_/pico/pico-sdk/src/rp2_common/hardware_timer/timer.c.obj
 .bss.currPopupPage
                0x20026b8e        0x1 CMakeFiles/HMI.dir/src/main.c.obj
                0x20026b8e                currPopupPage
 .bss.currScreen
                0x20026b8f        0x1 CMakeFiles/HMI.dir/src/main.c.obj
                0x20026b8f                currScreen
 .bss.irq_hander_chain_free_slot_head
                0x20026b90        0x1 CMakeFiles/HMI.dir/C_/pico/pico-sdk/src/rp2_common/hardware_irq/irq.c.obj
 .bss.itf_num   0x20026b91        0x1 CMakeFiles/HMI.dir/C_/pico/pico-sdk/src/rp2_common/pico_stdio_usb/reset_interface.c.obj
 .bss.low_priority_irq_num
                0x20026b92        0x1 CMakeFiles/HMI.dir/C_/pico/pico-sdk/src/rp2_common/pico_stdio_usb/stdio_usb.c.obj
 .bss.pauseSimulation
                0x20026b93        0x1 CMakeFiles/HMI.dir/src/main.c.obj
                0x20026b93                pauseSimulation
 .bss.popup_opened
                0x20026b94        0x1 CMakeFiles/HMI.dir/src/screens/popup.c.obj
                0x20026b94                popup_opened
 .bss.timer_callbacks_pending
                0x20026b95        0x1 CMakeFiles/HMI.dir/C_/pico/pico-sdk/src/rp2_common/hardware_timer/timer.c.obj
 *(COMMON)
                0x20026b98                . = ALIGN (0x4)
 *fill*         0x20026b96        0x2 
                0x20026b98                __bss_end__ = .

.heap           0x20026b98      0x800
                0x20026b98                __end__ = .
                0x20026b98                end = __end__
 *(.heap*)
 .heap          0x20026b98      0x800 CMakeFiles/HMI.dir/C_/pico/pico-sdk/src/rp2_common/pico_standard_link/crt0.S.obj
                0x20027398                __HeapLimit = .

.stack1_dummy   0x20040000        0x0
 *(.stack1*)

.stack_dummy    0x20041000      0x800
 *(.stack*)
 .stack         0x20041000      0x800 CMakeFiles/HMI.dir/C_/pico/pico-sdk/src/rp2_common/pico_standard_link/crt0.S.obj

.flash_end      0x100132a8        0x0
                0x100132a8                __flash_binary_end = .
                0x20040000                __StackLimit = (ORIGIN (RAM) + LENGTH (RAM))
                0x20041000                __StackOneTop = (ORIGIN (SCRATCH_X) + LENGTH (SCRATCH_X))
                0x20042000                __StackTop = (ORIGIN (SCRATCH_Y) + LENGTH (SCRATCH_Y))
                0x20041000                __StackOneBottom = (__StackOneTop - SIZEOF (.stack1_dummy))
                0x20041800                __StackBottom = (__StackTop - SIZEOF (.stack_dummy))
                0x20042000                PROVIDE (__stack = __StackTop)
                0x00000001                ASSERT ((__StackLimit >= __HeapLimit), region RAM overflowed)
                0x00000001                ASSERT (((__binary_info_header_end - __logical_binary_start) <= 0x100), Binary info must be in first 256 bytes of the binary)
LOAD CMakeFiles/HMI.dir/hmi.c.obj
LOAD CMakeFiles/HMI.dir/src/ili9341.c.obj
LOAD CMakeFiles/HMI.dir/src/ui.c.obj
LOAD CMakeFiles/HMI.dir/src/interface.c.obj
LOAD CMakeFiles/HMI.dir/src/main.c.obj
LOAD CMakeFiles/HMI.dir/src/menu.c.obj
LOAD CMakeFiles/HMI.dir/src/screens/distance_screen.c.obj
LOAD CMakeFiles/HMI.dir/src/screens/simulator_screen.c.obj
LOAD CMakeFiles/HMI.dir/src/temp.c.obj
LOAD CMakeFiles/HMI.dir/src/distance.c.obj
LOAD CMakeFiles/HMI.dir/src/simulation.c.obj
LOAD CMakeFiles/HMI.dir/src/brightness.c.obj
LOAD CMakeFiles/HMI.dir/src/screens/popup.c.obj
LOAD CMakeFiles/HMI.dir/C_/pico/pico-sdk/src/rp2_common/pico_stdlib/stdlib.c.obj
LOAD CMakeFiles/HMI.dir/C_/pico/pico-sdk/src/rp2_common/hardware_gpio/gpio.c.obj
LOAD CMakeFiles/HMI.dir/C_/pico/pico-sdk/src/rp2_common/hardware_claim/claim.c.obj
LOAD CMakeFiles/HMI.dir/C_/pico/pico-sdk/src/rp2_common/pico_platform/platform.c.obj
LOAD CMakeFiles/HMI.dir/C_/pico/pico-sdk/src/rp2_common/hardware_sync/sync.c.obj
LOAD CMakeFiles/HMI.dir/C_/pico/pico-sdk/src/rp2_common/hardware_irq/irq.c.obj
LOAD CMakeFiles/HMI.dir/C_/pico/pico-sdk/src/rp2_common/hardware_irq/irq_handler_chain.S.obj
LOAD CMakeFiles/HMI.dir/C_/pico/pico-sdk/src/common/pico_sync/sem.c.obj
LOAD CMakeFiles/HMI.dir/C_/pico/pico-sdk/src/common/pico_sync/lock_core.c.obj
LOAD CMakeFiles/HMI.dir/C_/pico/pico-sdk/src/common/pico_time/time.c.obj
LOAD CMakeFiles/HMI.dir/C_/pico/pico-sdk/src/common/pico_time/timeout_helper.c.obj
LOAD CMakeFiles/HMI.dir/C_/pico/pico-sdk/src/rp2_common/hardware_timer/timer.c.obj
LOAD CMakeFiles/HMI.dir/C_/pico/pico-sdk/src/common/pico_util/datetime.c.obj
LOAD CMakeFiles/HMI.dir/C_/pico/pico-sdk/src/common/pico_util/pheap.c.obj
LOAD CMakeFiles/HMI.dir/C_/pico/pico-sdk/src/common/pico_util/queue.c.obj
LOAD CMakeFiles/HMI.dir/C_/pico/pico-sdk/src/common/pico_sync/mutex.c.obj
LOAD CMakeFiles/HMI.dir/C_/pico/pico-sdk/src/common/pico_sync/critical_section.c.obj
LOAD CMakeFiles/HMI.dir/C_/pico/pico-sdk/src/rp2_common/hardware_uart/uart.c.obj
LOAD CMakeFiles/HMI.dir/C_/pico/pico-sdk/src/rp2_common/hardware_divider/divider.S.obj
LOAD CMakeFiles/HMI.dir/C_/pico/pico-sdk/src/rp2_common/pico_runtime/runtime.c.obj
LOAD CMakeFiles/HMI.dir/C_/pico/pico-sdk/src/rp2_common/hardware_clocks/clocks.c.obj
LOAD CMakeFiles/HMI.dir/C_/pico/pico-sdk/src/rp2_common/hardware_pll/pll.c.obj
LOAD CMakeFiles/HMI.dir/C_/pico/pico-sdk/src/rp2_common/hardware_vreg/vreg.c.obj
LOAD CMakeFiles/HMI.dir/C_/pico/pico-sdk/src/rp2_common/hardware_watchdog/watchdog.c.obj
LOAD CMakeFiles/HMI.dir/C_/pico/pico-sdk/src/rp2_common/hardware_xosc/xosc.c.obj
LOAD CMakeFiles/HMI.dir/C_/pico/pico-sdk/src/rp2_common/pico_printf/printf.c.obj
LOAD CMakeFiles/HMI.dir/C_/pico/pico-sdk/src/rp2_common/pico_bit_ops/bit_ops_aeabi.S.obj
LOAD CMakeFiles/HMI.dir/C_/pico/pico-sdk/src/rp2_common/pico_bootrom/bootrom.c.obj
LOAD CMakeFiles/HMI.dir/C_/pico/pico-sdk/src/rp2_common/pico_divider/divider.S.obj
LOAD CMakeFiles/HMI.dir/C_/pico/pico-sdk/src/rp2_common/pico_double/double_aeabi.S.obj
LOAD CMakeFiles/HMI.dir/C_/pico/pico-sdk/src/rp2_common/pico_double/double_init_rom.c.obj
LOAD CMakeFiles/HMI.dir/C_/pico/pico-sdk/src/rp2_common/pico_double/double_math.c.obj
LOAD CMakeFiles/HMI.dir/C_/pico/pico-sdk/src/rp2_common/pico_double/double_v1_rom_shim.S.obj
LOAD CMakeFiles/HMI.dir/C_/pico/pico-sdk/src/rp2_common/pico_int64_ops/pico_int64_ops_aeabi.S.obj
LOAD CMakeFiles/HMI.dir/C_/pico/pico-sdk/src/rp2_common/pico_float/float_aeabi.S.obj
LOAD CMakeFiles/HMI.dir/C_/pico/pico-sdk/src/rp2_common/pico_float/float_init_rom.c.obj
LOAD CMakeFiles/HMI.dir/C_/pico/pico-sdk/src/rp2_common/pico_float/float_math.c.obj
LOAD CMakeFiles/HMI.dir/C_/pico/pico-sdk/src/rp2_common/pico_float/float_v1_rom_shim.S.obj
LOAD CMakeFiles/HMI.dir/C_/pico/pico-sdk/src/rp2_common/pico_malloc/pico_malloc.c.obj
LOAD CMakeFiles/HMI.dir/C_/pico/pico-sdk/src/rp2_common/pico_mem_ops/mem_ops_aeabi.S.obj
LOAD CMakeFiles/HMI.dir/C_/pico/pico-sdk/src/rp2_common/pico_standard_link/crt0.S.obj
LOAD CMakeFiles/HMI.dir/C_/pico/pico-sdk/src/rp2_common/pico_standard_link/new_delete.cpp.obj
LOAD CMakeFiles/HMI.dir/C_/pico/pico-sdk/src/rp2_common/pico_standard_link/binary_info.c.obj
LOAD CMakeFiles/HMI.dir/C_/pico/pico-sdk/src/rp2_common/pico_stdio/stdio.c.obj
LOAD CMakeFiles/HMI.dir/C_/pico/pico-sdk/src/rp2_common/pico_stdio_usb/reset_interface.c.obj
LOAD CMakeFiles/HMI.dir/C_/pico/pico-sdk/src/rp2_common/pico_stdio_usb/stdio_usb.c.obj
LOAD CMakeFiles/HMI.dir/C_/pico/pico-sdk/src/rp2_common/pico_stdio_usb/stdio_usb_descriptors.c.obj
LOAD CMakeFiles/HMI.dir/C_/pico/pico-sdk/lib/tinyusb/src/portable/raspberrypi/rp2040/dcd_rp2040.c.obj
LOAD CMakeFiles/HMI.dir/C_/pico/pico-sdk/lib/tinyusb/src/portable/raspberrypi/rp2040/rp2040_usb.c.obj
LOAD CMakeFiles/HMI.dir/C_/pico/pico-sdk/lib/tinyusb/src/device/usbd.c.obj
LOAD CMakeFiles/HMI.dir/C_/pico/pico-sdk/lib/tinyusb/src/device/usbd_control.c.obj
LOAD CMakeFiles/HMI.dir/C_/pico/pico-sdk/lib/tinyusb/src/class/audio/audio_device.c.obj
LOAD CMakeFiles/HMI.dir/C_/pico/pico-sdk/lib/tinyusb/src/class/cdc/cdc_device.c.obj
LOAD CMakeFiles/HMI.dir/C_/pico/pico-sdk/lib/tinyusb/src/class/dfu/dfu_device.c.obj
LOAD CMakeFiles/HMI.dir/C_/pico/pico-sdk/lib/tinyusb/src/class/dfu/dfu_rt_device.c.obj
LOAD CMakeFiles/HMI.dir/C_/pico/pico-sdk/lib/tinyusb/src/class/hid/hid_device.c.obj
LOAD CMakeFiles/HMI.dir/C_/pico/pico-sdk/lib/tinyusb/src/class/midi/midi_device.c.obj
LOAD CMakeFiles/HMI.dir/C_/pico/pico-sdk/lib/tinyusb/src/class/msc/msc_device.c.obj
LOAD CMakeFiles/HMI.dir/C_/pico/pico-sdk/lib/tinyusb/src/class/net/ecm_rndis_device.c.obj
LOAD CMakeFiles/HMI.dir/C_/pico/pico-sdk/lib/tinyusb/src/class/net/ncm_device.c.obj
LOAD CMakeFiles/HMI.dir/C_/pico/pico-sdk/lib/tinyusb/src/class/usbtmc/usbtmc_device.c.obj
LOAD CMakeFiles/HMI.dir/C_/pico/pico-sdk/lib/tinyusb/src/class/vendor/vendor_device.c.obj
LOAD CMakeFiles/HMI.dir/C_/pico/pico-sdk/lib/tinyusb/src/class/video/video_device.c.obj
LOAD CMakeFiles/HMI.dir/C_/pico/pico-sdk/lib/tinyusb/src/tusb.c.obj
LOAD CMakeFiles/HMI.dir/C_/pico/pico-sdk/lib/tinyusb/src/common/tusb_fifo.c.obj
LOAD CMakeFiles/HMI.dir/C_/pico/pico-sdk/src/rp2_common/pico_fix/rp2040_usb_device_enumeration/rp2040_usb_device_enumeration.c.obj
LOAD CMakeFiles/HMI.dir/C_/pico/pico-sdk/src/rp2_common/pico_unique_id/unique_id.c.obj
LOAD CMakeFiles/HMI.dir/C_/pico/pico-sdk/src/rp2_common/hardware_flash/flash.c.obj
LOAD CMakeFiles/HMI.dir/C_/pico/pico-sdk/src/rp2_common/hardware_adc/adc.c.obj
LOAD CMakeFiles/HMI.dir/C_/pico/pico-sdk/src/rp2_common/hardware_spi/spi.c.obj
LOAD C:\Users\Prajwal\AppData\Local\Temp\ccEcFhgd.o
LOAD c:/progra~2/gnuarm~1/102021~1.10/bin/../lib/gcc/arm-none-eabi/10.3.1/../../../../arm-none-eabi/lib/thumb/v6-m/nofp\libstdc++.a
LOAD c:/progra~2/gnuarm~1/102021~1.10/bin/../lib/gcc/arm-none-eabi/10.3.1/../../../../arm-none-eabi/lib/thumb/v6-m/nofp\libm.a
START GROUP
LOAD c:/progra~2/gnuarm~1/102021~1.10/bin/../lib/gcc/arm-none-eabi/10.3.1/thumb/v6-m/nofp\libgcc.a
LOAD c:/progra~2/gnuarm~1/102021~1.10/bin/../lib/gcc/arm-none-eabi/10.3.1/../../../../arm-none-eabi/lib/thumb/v6-m/nofp\libc.a
END GROUP
START GROUP
LOAD c:/progra~2/gnuarm~1/102021~1.10/bin/../lib/gcc/arm-none-eabi/10.3.1/thumb/v6-m/nofp\libgcc.a
LOAD c:/progra~2/gnuarm~1/102021~1.10/bin/../lib/gcc/arm-none-eabi/10.3.1/../../../../arm-none-eabi/lib/thumb/v6-m/nofp\libc.a
LOAD c:/progra~2/gnuarm~1/102021~1.10/bin/../lib/gcc/arm-none-eabi/10.3.1/../../../../arm-none-eabi/lib/thumb/v6-m/nofp\libnosys.a
END GROUP
LOAD c:/progra~2/gnuarm~1/102021~1.10/bin/../lib/gcc/arm-none-eabi/10.3.1/thumb/v6-m/nofp/crtend.o
LOAD c:/progra~2/gnuarm~1/102021~1.10/bin/../lib/gcc/arm-none-eabi/10.3.1/thumb/v6-m/nofp/crtn.o
OUTPUT(HMI.elf elf32-littlearm)
LOAD linker stubs

.ARM.attributes
                0x00000000       0x28
 .ARM.attributes